$ date -R
Tue, 21 May 2019 07:57:05 +1000
$ git checkout master
Already on 'master'
$ git reset --hard stable
HEAD is now at cb6f8739fbf9 Merge branch 'akpm' (patches from Andrew)
Merging origin/master (f49aa1de9836 Merge tag 'for-5.2-rc1-tag' of git://git.kernel.org/pub/scm/linux/kernel/git/kdave/linux)
$ git merge origin/master
Updating cb6f8739fbf9..f49aa1de9836
Fast-forward
 Documentation/bpf/btf.rst                          |   2 +-
 MAINTAINERS                                        |   6 +-
 Makefile                                           |   4 +-
 drivers/atm/iphase.c                               |   6 -
 drivers/infiniband/hw/mlx5/ib_rep.c                |  13 +-
 drivers/infiniband/hw/mlx5/ib_rep.h                |  12 +-
 drivers/net/Makefile                               |   2 +-
 drivers/net/ethernet/cadence/macb_main.c           |  16 +-
 drivers/net/ethernet/freescale/enetc/enetc.c       |   4 +-
 .../net/ethernet/freescale/enetc/enetc_ethtool.c   |   2 +
 drivers/net/ethernet/freescale/enetc/enetc_pf.c    |   2 +-
 drivers/net/ethernet/freescale/enetc/enetc_vf.c    |   2 +-
 drivers/net/ethernet/mellanox/mlx4/mcg.c           |   2 +-
 drivers/net/ethernet/mellanox/mlx5/core/Kconfig    |   1 +
 drivers/net/ethernet/mellanox/mlx5/core/cmd.c      |  22 +-
 drivers/net/ethernet/mellanox/mlx5/core/ecpf.c     |   2 +-
 .../net/ethernet/mellanox/mlx5/core/en_ethtool.c   |  18 +-
 drivers/net/ethernet/mellanox/mlx5/core/en_rep.c   |  19 +-
 drivers/net/ethernet/mellanox/mlx5/core/en_tc.c    |  29 ++-
 drivers/net/ethernet/mellanox/mlx5/core/en_tx.c    |   9 +-
 drivers/net/ethernet/mellanox/mlx5/core/eswitch.c  |  20 +-
 drivers/net/ethernet/mellanox/mlx5/core/eswitch.h  |  22 +-
 .../ethernet/mellanox/mlx5/core/eswitch_offloads.c |  20 +-
 drivers/net/ethernet/mellanox/mlx5/core/fs_core.c  |   2 +
 .../net/ethernet/mellanox/mlx5/core/ipoib/ipoib.c  |   2 +-
 .../net/ethernet/mellanox/mlx5/core/ipoib/ipoib.h  |   3 +-
 drivers/net/ethernet/mellanox/mlxsw/core.c         |   6 +
 drivers/net/ethernet/mellanox/mlxsw/core.h         |   2 +
 drivers/net/ethernet/mellanox/mlxsw/core_env.c     |  18 +-
 drivers/net/ethernet/mellanox/mlxsw/core_hwmon.c   |   3 +
 drivers/net/ethernet/mellanox/mlxsw/core_thermal.c |   6 +
 .../ethernet/netronome/nfp/flower/tunnel_conf.c    |  17 +-
 drivers/net/phy/aquantia_main.c                    |   1 +
 drivers/net/ppp/ppp_deflate.c                      |  20 +-
 drivers/net/usb/aqc111.c                           |  35 +--
 drivers/net/usb/qmi_wwan.c                         |   2 +
 fs/btrfs/compression.c                             |   1 +
 fs/btrfs/extent-tree.c                             |  15 +-
 fs/btrfs/file.c                                    |  16 +-
 fs/btrfs/props.c                                   |  30 ++-
 fs/btrfs/root-tree.c                               |   4 +-
 fs/btrfs/sysfs.c                                   |   7 +-
 fs/btrfs/tree-checker.c                            |  49 +++-
 fs/btrfs/tree-log.c                                |   1 +
 fs/ubifs/sb.c                                      |   4 +-
 fs/ubifs/ubifs.h                                   |   6 +-
 fs/ubifs/xattr.c                                   |   2 +-
 include/linux/bpf.h                                |   1 +
 include/linux/mlx5/eswitch.h                       |   6 +-
 include/linux/of_net.h                             |   2 +-
 include/linux/rhashtable.h                         |  58 +++--
 include/linux/skbuff.h                             |   9 +-
 include/net/flow_offload.h                         |   2 +
 include/net/ip6_fib.h                              |   3 +-
 include/net/sock.h                                 |   2 +-
 include/uapi/linux/btf.h                           |   2 +-
 kernel/bpf/devmap.c                                |   3 +
 kernel/bpf/hashtab.c                               |  23 +-
 kernel/bpf/inode.c                                 |   2 +-
 kernel/bpf/syscall.c                               |   5 +-
 kernel/trace/bpf_trace.c                           |   5 +-
 lib/random32.c                                     |   4 +-
 lib/rhashtable.c                                   |  33 +--
 net/caif/cfdbgl.c                                  |   2 +-
 net/caif/cfdgml.c                                  |   3 +-
 net/caif/cfutill.c                                 |   2 +-
 net/caif/cfveil.c                                  |   2 +-
 net/caif/cfvidl.c                                  |   2 +-
 net/core/dev.c                                     |   2 +-
 net/core/flow_offload.c                            |   7 +
 net/core/rtnetlink.c                               |  16 +-
 net/core/skmsg.c                                   |   7 +-
 net/ipv4/bpfilter/sockopt.c                        |   6 +-
 net/ipv4/ping.c                                    |   2 +-
 net/ipv4/raw.c                                     |   2 +-
 net/ipv4/tcp.c                                     |   2 +-
 net/ipv4/tcp_bpf.c                                 |   7 +-
 net/ipv4/tcp_input.c                               |   3 +
 net/ipv4/udp.c                                     |   2 +-
 net/ipv6/datagram.c                                |   2 +-
 net/ipv6/ip6_fib.c                                 |  12 +-
 net/ipv6/route.c                                   |  58 +++--
 net/netlink/af_netlink.c                           |   2 +-
 net/phonet/socket.c                                |   2 +-
 net/socket.c                                       |  34 +--
 net/tipc/core.c                                    |  14 +-
 net/vmw_vsock/hyperv_transport.c                   | 108 +++++---
 net/vmw_vsock/virtio_transport.c                   |  13 +-
 net/vmw_vsock/virtio_transport_common.c            |   7 +
 net/xfrm/xfrm_policy.c                             |  24 +-
 tools/bpf/bpftool/btf.c                            |   4 +-
 tools/bpf/bpftool/prog.c                           |   4 +-
 tools/include/uapi/linux/btf.h                     |   2 +-
 tools/lib/bpf/btf.c                                |   2 +-
 tools/lib/bpf/libbpf.c                             |   3 +-
 tools/lib/bpf/libbpf_internal.h                    |  13 +
 tools/lib/bpf/libbpf_util.h                        |  13 -
 tools/lib/bpf/xsk.c                                |   2 +-
 tools/testing/selftests/bpf/.gitignore             |   1 +
 tools/testing/selftests/bpf/bpf_helpers.h          |   2 +-
 tools/testing/selftests/bpf/map_tests/.gitignore   |   1 +
 .../selftests/bpf/prog_tests/flow_dissector.c      |   9 +-
 tools/testing/selftests/bpf/test_lru_map.c         | 288 ++++++++++++++++++++-
 tools/testing/selftests/net/pmtu.sh                |  18 +-
 tools/testing/selftests/netfilter/nft_nat.sh       |  77 ++----
 105 files changed, 981 insertions(+), 448 deletions(-)
 create mode 100644 tools/testing/selftests/bpf/map_tests/.gitignore
Merging fixes/master (2bbacd1a9278 Merge tag 'kconfig-v5.2' of git://git.kernel.org/pub/scm/linux/kernel/git/masahiroy/linux-kbuild)
$ git merge fixes/master
Already up to date.
Merging kspp-gustavo/for-next/kspp (b324f1b28dc0 afs: yfsclient: Mark expected switch fall-throughs)
$ git merge kspp-gustavo/for-next/kspp
Merge made by the 'recursive' strategy.
 fs/afs/fsclient.c  | 51 +++++++++++++++++++++++++++++++++------------------
 fs/afs/yfsclient.c | 54 +++++++++++++++++++++++++++++++++++-------------------
 2 files changed, 68 insertions(+), 37 deletions(-)
Merging kbuild-current/fixes (a2d635decbfa Merge tag 'drm-next-2019-05-09' of git://anongit.freedesktop.org/drm/drm)
$ git merge kbuild-current/fixes
Already up to date.
Merging arc-current/for-curr (c5a1726d7383 ARC: entry: EV_Trap expects r10 (vs. r9) to have exception cause)
$ git merge arc-current/for-curr
Merge made by the 'recursive' strategy.
 arch/arc/include/asm/cmpxchg.h       |  14 +-
 arch/arc/include/asm/entry-arcv2.h   | 361 ++++++++++++++++++-----------------
 arch/arc/include/asm/entry-compact.h |   4 +-
 arch/arc/include/asm/linkage.h       |  18 ++
 arch/arc/kernel/asm-offsets.c        |   7 +
 arch/arc/kernel/entry-arcv2.S        |   4 +-
 arch/arc/kernel/entry.S              |   4 +-
 arch/arc/mm/fault.c                  | 192 ++++++++-----------
 arch/arc/mm/tlb.c                    |  13 +-
 arch/arc/mm/tlbex.S                  |  11 ++
 10 files changed, 329 insertions(+), 299 deletions(-)
Merging arm-current/fixes (e17b1af96b2a ARM: 8857/1: efi: enable CP15 DMB instructions before cleaning the cache)
$ git merge arm-current/fixes
Already up to date.
Merging arm64-fixes/for-next/fixes (7a0a93c51799 arm64: vdso: Explicitly add build-id option)
$ git merge arm64-fixes/for-next/fixes
Auto-merging arch/arm64/mm/mmu.c
Auto-merging arch/arm64/Kconfig
Merge made by the 'recursive' strategy.
 arch/arm64/Kconfig                 |  2 +-
 arch/arm64/include/asm/assembler.h | 11 +++++------
 arch/arm64/kernel/vdso/Makefile    |  4 ++--
 arch/arm64/mm/dma-mapping.c        | 10 ++++++++++
 arch/arm64/mm/fault.c              |  5 +++--
 arch/arm64/mm/mmu.c                | 11 ++++++++---
 drivers/perf/arm_spe_pmu.c         | 10 +---------
 7 files changed, 30 insertions(+), 23 deletions(-)
Merging m68k-current/for-linus (fdd20ec8786a Documentation/features/time: Mark m68k having modern-timekeeping)
$ git merge m68k-current/for-linus
Already up to date.
Merging powerpc-fixes/fixes (672eaf37db9f powerpc/cacheinfo: Remove double free)
$ git merge powerpc-fixes/fixes
Already up to date.
Merging sparc/master (f49aa1de9836 Merge tag 'for-5.2-rc1-tag' of git://git.kernel.org/pub/scm/linux/kernel/git/kdave/linux)
$ git merge sparc/master
Already up to date.
Merging fscrypt-current/for-stable (ae64f9bd1d36 Linux 4.15-rc2)
$ git merge fscrypt-current/for-stable
Already up to date.
Merging net/master (fa2c52be7129 vlan: Mark expected switch fall-through)
$ git merge net/master
Merge made by the 'recursive' strategy.
 drivers/net/ethernet/mellanox/mlx4/en_ethtool.c |  4 +++-
 drivers/net/ethernet/mellanox/mlx4/port.c       |  5 -----
 drivers/net/macvlan.c                           |  1 +
 net/8021q/vlan_dev.c                            |  1 +
 net/tipc/core.c                                 | 18 ++++++++++++------
 net/tipc/subscr.h                               |  5 +++--
 net/tipc/topsrv.c                               | 14 ++++++++++++--
 7 files changed, 32 insertions(+), 16 deletions(-)
Merging bpf/master (6a0a923dfa14 of_net: fix of_get_mac_address retval if compiled without CONFIG_OF)
$ git merge bpf/master
Already up to date.
Merging ipsec/master (9b3040a6aafd ipv4: Define __ipv4_neigh_lookup_noref when CONFIG_INET is disabled)
$ git merge ipsec/master
Already up to date.
Merging netfilter/master (2c82c7e724ff netfilter: nf_tables: fix oops during rule dump)
$ git merge netfilter/master
Merge made by the 'recursive' strategy.
 net/netfilter/nf_tables_api.c | 20 +++++++++++---------
 1 file changed, 11 insertions(+), 9 deletions(-)
Merging ipvs/master (b2e3d68d1251 netfilter: nft_compat: destroy function must not have side effects)
$ git merge ipvs/master
Already up to date.
Merging wireless-drivers/master (7a0f8ad5ff63 Merge ath-current from git://git.kernel.org/pub/scm/linux/kernel/git/kvalo/ath.git)
$ git merge wireless-drivers/master
Already up to date.
Merging mac80211/master (933b40530b4b mac80211: remove set but not used variable 'old')
$ git merge mac80211/master
Merge made by the 'recursive' strategy.
 net/mac80211/ieee80211_i.h |  3 +++
 net/mac80211/key.c         |  2 --
 net/mac80211/mlme.c        | 12 +++++++++++-
 net/mac80211/tdls.c        | 23 +++++++++++++++++++++++
 net/wireless/Makefile      |  1 +
 5 files changed, 38 insertions(+), 3 deletions(-)
Merging rdma-fixes/for-rc (2557fabd6e29 RDMA/hns: Bugfix for mapping user db)
$ git merge rdma-fixes/for-rc
Already up to date.
Merging sound-current/for-linus (c7b55fabfa44 ALSA: hdac: fix memory release for SST and SOF drivers)
$ git merge sound-current/for-linus
Merge made by the 'recursive' strategy.
 sound/hda/ext/hdac_ext_bus.c | 1 -
 1 file changed, 1 deletion(-)
Merging sound-asoc-fixes/for-linus (08b9e0213aeb Merge branch 'asoc-5.1' into asoc-linus)
$ git merge sound-asoc-fixes/for-linus
Already up to date!
Merge made by the 'recursive' strategy.
Merging regmap-fixes/for-linus (1d6106cafb37 Merge branch 'regmap-5.1' into regmap-linus)
$ git merge regmap-fixes/for-linus
Already up to date!
Merge made by the 'recursive' strategy.
Merging regulator-fixes/for-linus (0d183fc1760f Merge branch 'regulator-5.1' into regulator-linus)
$ git merge regulator-fixes/for-linus
Already up to date!
Merge made by the 'recursive' strategy.
Merging spi-fixes/for-linus (72e3b3285a43 Merge branch 'spi-5.1' into spi-linus)
$ git merge spi-fixes/for-linus
Already up to date!
Merge made by the 'recursive' strategy.
Merging pci-current/for-linus (a188339ca5a3 Linux 5.2-rc1)
$ git merge pci-current/for-linus
Already up to date.
Merging driver-core.current/driver-core-linus (a188339ca5a3 Linux 5.2-rc1)
$ git merge driver-core.current/driver-core-linus
Already up to date.
Merging tty.current/tty-linus (a188339ca5a3 Linux 5.2-rc1)
$ git merge tty.current/tty-linus
Already up to date.
Merging usb.current/usb-linus (a188339ca5a3 Linux 5.2-rc1)
$ git merge usb.current/usb-linus
Already up to date.
Merging usb-gadget-fixes/fixes (072684e8c58d USB: gadget: f_hid: fix deadlock in f_hidg_write())
$ git merge usb-gadget-fixes/fixes
Already up to date.
Merging usb-serial-fixes/usb-linus (a188339ca5a3 Linux 5.2-rc1)
$ git merge usb-serial-fixes/usb-linus
Already up to date.
Merging usb-chipidea-fixes/ci-for-usb-stable (d6d768a0ec3c usb: chipidea: fix static checker warning for NULL pointer)
$ git merge usb-chipidea-fixes/ci-for-usb-stable
Auto-merging drivers/usb/chipidea/ci_hdrc_imx.c
Merge made by the 'recursive' strategy.
Merging phy/fixes (e6f32efb1b12 phy: sun4i-usb: Make sure to disable PHY0 passby for peripheral mode)
$ git merge phy/fixes
Already up to date.
Merging staging.current/staging-linus (fea699163604 staging: wilc1000: Fix some double unlock bugs in wilc_wlan_cleanup())
$ git merge staging.current/staging-linus
Merge made by the 'recursive' strategy.
 drivers/iio/adc/npcm_adc.c                         |  2 +-
 drivers/iio/adc/ti-ads124s08.c                     |  2 +-
 drivers/iio/adc/ti-ads8688.c                       |  2 +-
 drivers/iio/dac/ds4424.c                           |  2 +-
 drivers/iio/imu/inv_mpu6050/inv_mpu_core.c         | 46 ++++++++++++++++++++--
 drivers/iio/imu/inv_mpu6050/inv_mpu_iio.h          | 20 +++++++++-
 drivers/iio/imu/inv_mpu6050/inv_mpu_ring.c         |  3 ++
 drivers/staging/erofs/super.c                      |  1 +
 drivers/staging/kpc2000/Kconfig                    |  1 +
 drivers/staging/kpc2000/kpc_dma/fileops.c          |  4 +-
 .../vc04_services/bcm2835-camera/controls.c        |  4 +-
 .../interface/vchiq_arm/vchiq_2835_arm.c           |  9 +++++
 drivers/staging/wilc1000/wilc_wlan.c               |  8 +++-
 drivers/staging/wlan-ng/hfa384x_usb.c              |  3 +-
 14 files changed, 90 insertions(+), 17 deletions(-)
Merging char-misc.current/char-misc-linus (a188339ca5a3 Linux 5.2-rc1)
$ git merge char-misc.current/char-misc-linus
Already up to date.
Merging soundwire-fixes/fixes (a188339ca5a3 Linux 5.2-rc1)
$ git merge soundwire-fixes/fixes
Already up to date.
Merging thunderbolt-fixes/fixes (e93c9c99a629 Linux 5.1)
$ git merge thunderbolt-fixes/fixes
Already up to date.
Merging input-current/for-linus (145b11d1baa3 Input: elan_i2c - increment wakeup count if wake source)
$ git merge input-current/for-linus
Merge made by the 'recursive' strategy.
 drivers/input/mouse/elan_i2c_core.c | 2 ++
 1 file changed, 2 insertions(+)
Merging crypto-current/master (357d065a44cd crypto: vmx - ghash: do nosimd fallback manually)
$ git merge crypto-current/master
Merge made by the 'recursive' strategy.
 crypto/hmac.c                   |   2 +
 drivers/crypto/caam/ctrl.c      |   2 +-
 drivers/crypto/vmx/aesp8-ppc.pl |   2 +-
 drivers/crypto/vmx/ghash.c      | 211 ++++++++++++++++------------------------
 include/crypto/hash.h           |   8 +-
 5 files changed, 97 insertions(+), 128 deletions(-)
Merging ide/master (f49aa1de9836 Merge tag 'for-5.2-rc1-tag' of git://git.kernel.org/pub/scm/linux/kernel/git/kdave/linux)
$ git merge ide/master
Already up to date.
Merging vfio-fixes/for-linus (492855939bdb vfio/type1: Limit DMA mappings per container)
$ git merge vfio-fixes/for-linus
Already up to date.
Merging kselftest-fixes/fixes (15ade5d2e777 Linux 5.1-rc4)
$ git merge kselftest-fixes/fixes
Already up to date.
Merging modules-fixes/modules-linus (be71eda5383f module: Fix display of wrong module .text address)
$ git merge modules-fixes/modules-linus
Already up to date.
Merging slave-dma-fixes/fixes (a188339ca5a3 Linux 5.2-rc1)
$ git merge slave-dma-fixes/fixes
Already up to date.
Merging backlight-fixes/for-backlight-fixes (e93c9c99a629 Linux 5.1)
$ git merge backlight-fixes/for-backlight-fixes
Already up to date.
Merging mtd-fixes/mtd/fixes (9a8f612ca0d6 mtd: rawnand: marvell: Clean the controller state before each operation)
$ git merge mtd-fixes/mtd/fixes
Already up to date.
Merging mfd-fixes/for-mfd-fixes (e93c9c99a629 Linux 5.1)
$ git merge mfd-fixes/for-mfd-fixes
Already up to date.
Merging v4l-dvb-fixes/fixes (fc8670d1f72b media: rockchip/vpu: Fix/re-order probe-error/remove path)
$ git merge v4l-dvb-fixes/fixes
Already up to date.
Merging reset-fixes/reset/fixes (d5d4218e1669 reset: remove redundant null check on pointer dev)
$ git merge reset-fixes/reset/fixes
Auto-merging drivers/reset/core.c
Merge made by the 'recursive' strategy.
 drivers/reset/core.c | 3 ---
 1 file changed, 3 deletions(-)
Merging mips-fixes/mips-fixes (a1e8783db8e0 MIPS: perf: ath79: Fix perfcount IRQ assignment)
$ git merge mips-fixes/mips-fixes
Already up to date.
Merging at91-fixes/at91-fixes (ba5e60c9b75d arm/mach-at91/pm : fix possible object reference leak)
$ git merge at91-fixes/at91-fixes
Already up to date.
Merging omap-fixes/fixes (4ee23cd76c0c Merge branch 'omap-for-v5.2/ti-sysc' into fixes)
$ git merge omap-fixes/fixes
Merge made by the 'recursive' strategy.
 arch/arm/boot/dts/am33xx-l4.dtsi          | 14 +++++------
 arch/arm/boot/dts/am437x-l4.dtsi          |  4 ----
 arch/arm/boot/dts/am57xx-idk-common.dtsi  |  1 +
 arch/arm/boot/dts/dra7-l4.dtsi            |  2 +-
 arch/arm/boot/dts/dra71-evm.dts           |  2 +-
 arch/arm/boot/dts/dra71x.dtsi             | 17 +++++++++++++
 arch/arm/boot/dts/dra76x-mmc-iodelay.dtsi | 40 +++++++++++++++----------------
 arch/arm/boot/dts/dra76x.dtsi             |  8 +++++++
 drivers/bus/ti-sysc.c                     | 23 +++++++++---------
 9 files changed, 65 insertions(+), 46 deletions(-)
 create mode 100644 arch/arm/boot/dts/dra71x.dtsi
Merging kvm-fixes/master (94830f188a80 Merge tag 'kvm-s390-master-5.2-1' of git://git.kernel.org/pub/scm/linux/kernel/git/kvms390/linux into HEAD)
$ git merge kvm-fixes/master
Merge made by the 'recursive' strategy.
 arch/s390/include/asm/kvm_host.h | 2 +-
 arch/s390/kvm/kvm-s390.c         | 2 +-
 2 files changed, 2 insertions(+), 2 deletions(-)
Merging kvms390-fixes/master (b10bd9a256ae s390: vsie: Use effective CRYCBD.31 to check CRYCBD validity)
$ git merge kvms390-fixes/master
Already up to date.
Merging hwmon-fixes/hwmon (b88c5049219a hwmon: (occ) Fix extended status bits)
$ git merge hwmon-fixes/hwmon
Already up to date.
Merging nvdimm-fixes/libnvdimm-fixes (c4703ce11c23 libnvdimm/namespace: Fix label tracking error)
$ git merge nvdimm-fixes/libnvdimm-fixes
Already up to date.
Merging btrfs-fixes/next-fixes (4792878ab434 Merge branch 'misc-5.2' into next-fixes)
$ git merge btrfs-fixes/next-fixes
Already up to date!
Merge made by the 'recursive' strategy.
Merging vfs-fixes/fixes (d8076bdb56af uapi: Wire up the mount API syscalls on non-x86 arches [ver #2])
$ git merge vfs-fixes/fixes
Already up to date.
Merging dma-mapping-fixes/for-linus (8c5165430c01 dma-debug: only skip one stackframe entry)
$ git merge dma-mapping-fixes/for-linus
Already up to date.
Merging i3c-fixes/master (709a53e19484 MAINTAINERS: Fix the I3C entry)
$ git merge i3c-fixes/master
Already up to date.
Merging drivers-x86-fixes/fixes (a188339ca5a3 Linux 5.2-rc1)
$ git merge drivers-x86-fixes/fixes
Already up to date.
Merging samsung-krzk-fixes/fixes (9e98c678c2d6 Linux 5.1-rc1)
$ git merge samsung-krzk-fixes/fixes
Already up to date.
Merging pinctrl-samsung-fixes/pinctrl-fixes (9e98c678c2d6 Linux 5.1-rc1)
$ git merge pinctrl-samsung-fixes/pinctrl-fixes
Already up to date.
Merging devicetree-fixes/dt/linus (e10e55e9d933 dt-bindings: sifive: describe sifive-blocks versioning)
$ git merge devicetree-fixes/dt/linus
Merge made by the 'recursive' strategy.
 .../sifive/sifive-blocks-ip-versioning.txt         | 38 ++++++++++++++++++++++
 1 file changed, 38 insertions(+)
 create mode 100644 Documentation/devicetree/bindings/sifive/sifive-blocks-ip-versioning.txt
Merging scsi-fixes/fixes (8acf608e602f Revert "scsi: sd: Keep disk read-only when re-reading partition")
$ git merge scsi-fixes/fixes
Auto-merging drivers/scsi/sd.c
Auto-merging drivers/scsi/bnx2fc/bnx2fc_hwi.c
Merge made by the 'recursive' strategy.
 drivers/scsi/bnx2fc/bnx2fc_hwi.c      |   2 +-
 drivers/scsi/lpfc/lpfc_attr.c         |  37 +++---
 drivers/scsi/lpfc/lpfc_els.c          |   5 +-
 drivers/scsi/lpfc/lpfc_sli.c          |  84 ++++++++-----
 drivers/scsi/lpfc/lpfc_version.h      |   2 +-
 drivers/scsi/myrs.c                   |   2 +-
 drivers/scsi/qedi/qedi_dbg.c          |  32 ++---
 drivers/scsi/qedi/qedi_iscsi.c        |   4 -
 drivers/scsi/qla2xxx/qla_os.c         | 221 +++++++++++++---------------------
 drivers/scsi/sd.c                     |   3 +-
 drivers/scsi/smartpqi/smartpqi_init.c |  23 ++--
 11 files changed, 189 insertions(+), 226 deletions(-)
Merging drm-fixes/drm-fixes (e93c9c99a629 Linux 5.1)
$ git merge drm-fixes/drm-fixes
Already up to date.
Merging amdgpu-fixes/drm-fixes (f7b1844bacec drm/amdgpu: Update gc golden setting for vega family)
$ git merge amdgpu-fixes/drm-fixes
Already up to date.
Merging drm-intel-fixes/for-linux-next-fixes (a491cc8e1597 drm/i915: Truly bump ready tasks ahead of busywaits)
$ git merge drm-intel-fixes/for-linux-next-fixes
Merge made by the 'recursive' strategy.
 drivers/gpu/drm/i915/i915_priolist_types.h  |   5 +-
 drivers/gpu/drm/i915/i915_request.c         |  42 ++---
 drivers/gpu/drm/i915/i915_scheduler.c       | 255 +++++++++++++++-------------
 drivers/gpu/drm/i915/i915_scheduler_types.h |   3 +-
 drivers/gpu/drm/i915/intel_lrc.c            |   2 +-
 drivers/gpu/drm/i915/selftests/intel_lrc.c  |  12 +-
 6 files changed, 160 insertions(+), 159 deletions(-)
Merging mmc-fixes/fixes (ec0970e0a1b2 mmc: sdhci-iproc: Set NO_HISPD bit to fix HS50 data hold time problem)
$ git merge mmc-fixes/fixes
Merge made by the 'recursive' strategy.
 drivers/mmc/host/sdhci-iproc.c | 6 ++++--
 1 file changed, 4 insertions(+), 2 deletions(-)
Merging rtc-fixes/rtc-fixes (882c5e552ffd rtc: da9063: set uie_unsupported when relevant)
$ git merge rtc-fixes/rtc-fixes
Already up to date.
Merging gnss-fixes/gnss-linus (a188339ca5a3 Linux 5.2-rc1)
$ git merge gnss-fixes/gnss-linus
Already up to date.
Merging hyperv-fixes/hyperv-fixes (69c8caafb72d hv: tools: fixed Python pep8/flake8 warnings for lsvmbus)
$ git merge hyperv-fixes/hyperv-fixes
Merge made by the 'recursive' strategy.
 drivers/hv/channel.c         |  2 +-
 tools/hv/hv_get_dhcp_info.sh |  2 +-
 tools/hv/hv_kvp_daemon.c     |  8 +++--
 tools/hv/hv_set_ifconfig.sh  |  2 +-
 tools/hv/hv_vss_daemon.c     |  4 ++-
 tools/hv/lsvmbus             | 75 +++++++++++++++++++++++++-------------------
 6 files changed, 53 insertions(+), 40 deletions(-)
Merging soc-fsl-fixes/fix (5674a92ca4b7 soc/fsl/qe: Fix an error code in qe_pin_request())
$ git merge soc-fsl-fixes/fix
Already up to date.
Merging drm-misc-fixes/for-linux-next-fixes (243c4b78923d Merge drm-misc-next-fixes-2019-05-20 into drm-misc-fixes)
$ git merge drm-misc-fixes/for-linux-next-fixes
Merge made by the 'recursive' strategy.
 drivers/gpu/drm/sun4i/sun6i_mipi_dsi.c |  5 +++--
 drivers/gpu/drm/sun4i/sun8i_hdmi_phy.c | 29 ++++++++++++++++-------------
 2 files changed, 19 insertions(+), 15 deletions(-)
Merging kbuild/for-next (fc2694ec1ab7 kconfig: use 'else ifneq' for Makefile to improve readability)
$ git merge kbuild/for-next
Already up to date.
Merging compiler-attributes/compiler-attributes (a3b22b9f11d9 Linux 5.0-rc7)
$ git merge compiler-attributes/compiler-attributes
Already up to date.
Merging leaks/leaks-next (9e98c678c2d6 Linux 5.1-rc1)
$ git merge leaks/leaks-next
Already up to date.
Merging dma-mapping/for-next (13bf5ced9377 dma-mapping: add a Kconfig symbol to indicate arch_dma_prep_coherent presence)
$ git merge dma-mapping/for-next
Already up to date.
Merging asm-generic/master (6edd1dbace0e asm-generic: optimize generic uaccess for 8-byte loads and stores)
$ git merge asm-generic/master
Already up to date.
Merging arc/for-next (5908e6b738e3 Linux 5.0-rc8)
$ git merge arc/for-next
Already up to date.
Merging arm/for-next (d486065b35e4 Merge branches 'fixes' and 'misc' into for-next)
$ git merge arm/for-next
Already up to date!
Merge made by the 'recursive' strategy.
Merging arm64/for-next/core (6127bf372add Merge branch 'for-next/mmiowb' of git://git.kernel.org/pub/scm/linux/kernel/git/arm64/linux into for-next/core)
$ git merge arm64/for-next/core
Already up to date!
Merge made by the 'recursive' strategy.
Merging arm-perf/for-next/perf (9bcb929f969e perf/arm-ccn: Clean up CPU hotplug handling)
$ git merge arm-perf/for-next/perf
Already up to date.
Merging arm-soc/for-next (7ad1b252cabe ARM: Document merges)
$ git merge arm-soc/for-next
Merge made by the 'recursive' strategy.
 arch/arm/arm-soc-for-next-contents.txt | 37 ++++++++++++++++++++++++++++++++++
 1 file changed, 37 insertions(+)
 create mode 100644 arch/arm/arm-soc-for-next-contents.txt
Merging actions/for-next (fb9c1c1deb5e Merge branch 'v4.20/drivers+s900-sps' into next)
$ git merge actions/for-next
Already up to date!
Merge made by the 'recursive' strategy.
Merging amlogic/for-next (26d65140e92a ARM: dts: meson8b: fix the operating voltage of the Mali GPU)
$ git merge amlogic/for-next
Merge made by the 'recursive' strategy.
 arch/arm/boot/dts/meson8.dtsi  |  5 ++---
 arch/arm/boot/dts/meson8b.dtsi | 11 +++++------
 2 files changed, 7 insertions(+), 9 deletions(-)
Merging aspeed/for-next (e15425214990 ARM: dts: aspeed: quanta-q71l: enable uart1)
$ git merge aspeed/for-next
Already up to date.
Merging at91/at91-next (ac650130c227 Merge branches 'at91-soc', 'at91-dt' and 'at91-defconfig' into at91-next)
$ git merge at91/at91-next
Already up to date!
Merge made by the 'recursive' strategy.
Merging bcm2835/for-next (1ee128f4fff2 Merge branch 'bcm2835-drivers-next' into for-next)
$ git merge bcm2835/for-next
Auto-merging arch/arm/boot/dts/Makefile
Merge made by the 'recursive' strategy.
Merging imx-mxs/for-next (fcc5ebd68943 Merge branch 'imx/defconfig' into for-next)
$ git merge imx-mxs/for-next
Merge made by the 'recursive' strategy.
 arch/arm/boot/dts/imx53-m53menlo.dts           | 237 ++++++++++++++++++++-----
 arch/arm/boot/dts/imx6qdl-sabresd.dtsi         |  12 ++
 arch/arm/boot/dts/imx6qdl.dtsi                 |  10 +-
 arch/arm/boot/dts/imx6sl-evk.dts               |  12 ++
 arch/arm/boot/dts/imx6sl.dtsi                  |  12 +-
 arch/arm/boot/dts/imx6sll-evk.dts              |   4 +
 arch/arm/boot/dts/imx6sx-sdb-reva.dts          |  12 ++
 arch/arm/boot/dts/imx6sx-sdb.dts               |  12 ++
 arch/arm/boot/dts/imx6sx.dtsi                  |   6 +-
 arch/arm/boot/dts/imx6ul.dtsi                  |   1 +
 arch/arm/boot/dts/imx6ull.dtsi                 |   1 +
 arch/arm/boot/dts/imx7d-sdb.dts                |   8 +
 arch/arm/boot/dts/imx7s.dtsi                   |   6 +-
 arch/arm/boot/dts/imx7ulp-evk.dts              |  20 +++
 arch/arm/boot/dts/imx7ulp.dtsi                 |  10 ++
 arch/arm/configs/imx_v6_v7_defconfig           |   7 +
 arch/arm/mach-imx/cpuidle-imx6sx.c             |   3 +-
 arch/arm64/Kconfig.platforms                   |   1 +
 arch/arm64/boot/dts/freescale/fsl-ls1028a.dtsi |  38 ++++
 arch/arm64/boot/dts/freescale/imx8mm-evk.dts   | 131 ++++++++++++++
 arch/arm64/boot/dts/freescale/imx8mm.dtsi      |   5 +
 arch/arm64/boot/dts/freescale/imx8mq.dtsi      |  19 ++
 arch/arm64/configs/defconfig                   |  13 ++
 drivers/clk/imx/clk-imx6q.c                    |  13 +-
 drivers/clk/imx/clk-imx6sl.c                   |   5 +-
 drivers/clk/imx/clk-imx6sll.c                  |   3 +-
 drivers/clk/imx/clk-imx6sx.c                   |   5 +-
 drivers/clk/imx/clk-imx6ul.c                   |   5 +-
 drivers/clk/imx/clk-imx7ulp.c                  |   2 +-
 drivers/clk/imx/clk-imx8mm.c                   |   7 +-
 drivers/clk/imx/clk.c                          |  14 ++
 drivers/clk/imx/clk.h                          |   1 +
 drivers/firmware/imx/imx-scu-irq.c             |   3 +
 drivers/soc/imx/soc-imx8.c                     |  29 +++
 include/dt-bindings/clock/imx8mm-clock.h       |   8 +-
 35 files changed, 585 insertions(+), 90 deletions(-)
$ git reset --hard HEAD^
HEAD is now at a3a370687d2e Merge remote-tracking branch 'bcm2835/for-next'
Merging next-20190520 version of imx-mxs
$ git merge -m next-20190520/imx-mxs d9c3322a2906dd52de87e809de6d6c4a3b6289c5
Auto-merging arch/arm64/configs/defconfig
CONFLICT (content): Merge conflict in arch/arm64/configs/defconfig
Auto-merging arch/arm/configs/imx_v6_v7_defconfig
Resolved 'arch/arm64/configs/defconfig' using previous resolution.
Automatic merge failed; fix conflicts and then commit the result.
$ git commit -v -a
[master 266c19ac07a4] next-20190520/imx-mxs
$ git diff -M --stat --summary HEAD^..
 arch/arm/configs/imx_v6_v7_defconfig |  4 ++++
 arch/arm64/configs/defconfig         | 12 ++++++++++++
 2 files changed, 16 insertions(+)
Merging keystone/next (3c3a43c81bda Merge branch 'for_5.1/soc-drivers' into next)
$ git merge keystone/next
Already up to date!
Merge made by the 'recursive' strategy.
Merging mediatek/for-next (73ade6a62931 Merge branch 'v5.1-next/soc' into for-next)
$ git merge mediatek/for-next
Already up to date!
Merge made by the 'recursive' strategy.
Merging mvebu/for-next (891f0f865c37 Merge branch 'mvebu/dt64' into mvebu/for-next)
$ git merge mvebu/for-next
Already up to date!
Merge made by the 'recursive' strategy.
Merging omap/for-next (4ee23cd76c0c Merge branch 'omap-for-v5.2/ti-sysc' into fixes)
$ git merge omap/for-next
Already up to date.
Merging reset/reset/next (21a5d26b8164 reset: Switch to SPDX license identifier for reset-simple)
$ git merge reset/reset/next
Merge made by the 'recursive' strategy.
 .../bindings/reset/bitmain,bm1880-reset.txt        | 18 ++++++++
 drivers/reset/Kconfig                              |  3 +-
 drivers/reset/reset-simple.c                       |  8 ++--
 include/dt-bindings/reset/bitmain,bm1880-reset.h   | 51 ++++++++++++++++++++++
 4 files changed, 74 insertions(+), 6 deletions(-)
 create mode 100644 Documentation/devicetree/bindings/reset/bitmain,bm1880-reset.txt
 create mode 100644 include/dt-bindings/reset/bitmain,bm1880-reset.h
Merging qcom/for-next (1d31c0b1a28a Merge tag 'qcom-arm64-for-5.2-1' into really-done-for-5.2)
$ git merge qcom/for-next
Auto-merging arch/arm64/configs/defconfig
Merge made by the 'recursive' strategy.
 arch/arm64/configs/defconfig | 9 +++++++++
 1 file changed, 9 insertions(+)
Merging renesas/next (def26783aa95 Merge branches 'arm-dt-for-v5.3', 'arm64-defconfig-for-v5.3', 'arm64-dt-for-v5.3' and 'dt-bindings-for-v5.3' into next)
$ git merge renesas/next
Auto-merging arch/arm64/configs/defconfig
Merge made by the 'recursive' strategy.
 Documentation/devicetree/bindings/arm/renesas.yaml |   8 +
 .../devicetree/bindings/vendor-prefixes.yaml       |   2 +
 arch/arm/boot/dts/r7s72100-rskrza1.dts             |  38 +++
 arch/arm/boot/dts/r7s72100.dtsi                    |  19 ++
 arch/arm/boot/dts/r7s9210-rza2mevb.dts             | 117 +++++++++
 arch/arm/boot/dts/r7s9210.dtsi                     | 267 +++++++++++++++++++++
 arch/arm/boot/dts/r8a7790-lager.dts                |   7 +
 arch/arm/boot/dts/r8a7790-stout.dts                |   7 +-
 arch/arm/boot/dts/r8a7791-koelsch.dts              |   7 +
 arch/arm/boot/dts/r8a7791-porter.dts               |   7 +
 arch/arm/boot/dts/r8a7792-blanche.dts              |   7 +
 arch/arm/boot/dts/r8a7793-gose.dts                 |   7 +
 arch/arm64/boot/dts/renesas/r8a774a1.dtsi          | 169 +++++++++++++
 arch/arm64/boot/dts/renesas/r8a774c0-cat874.dts    | 195 +++++++++++++++
 arch/arm64/boot/dts/renesas/r8a7795.dtsi           |  11 +
 arch/arm64/boot/dts/renesas/r8a7796.dtsi           |  11 +
 arch/arm64/boot/dts/renesas/r8a77965.dtsi          |  11 +
 arch/arm64/boot/dts/renesas/r8a77995-draak.dts     |   7 +-
 arch/arm64/boot/dts/renesas/ulcb-kf.dtsi           |  49 ++++
 arch/arm64/configs/defconfig                       |   1 +
 20 files changed, 940 insertions(+), 7 deletions(-)
Merging rockchip/for-next (c3762b5d0e39 Merge branch 'v5.3-clk/next' into for-next)
$ git merge rockchip/for-next
Merge made by the 'recursive' strategy.
 arch/arm/boot/dts/rk3288-veyron-mickey.dts        |  6 ------
 arch/arm/boot/dts/rk3288-veyron-minnie.dts        |  4 ----
 arch/arm/boot/dts/rk3288-veyron-speedy.dts        | 12 ++++++++++++
 arch/arm/boot/dts/rk3288-veyron.dtsi              | 13 +++++++++++++
 arch/arm/boot/dts/rk3288.dtsi                     |  8 ++++----
 arch/arm/mach-rockchip/platsmp.c                  | 12 ++++++++++--
 arch/arm/mach-rockchip/pm.c                       |  2 ++
 arch/arm64/boot/dts/rockchip/rk3399-ficus.dts     |  6 ++++++
 arch/arm64/boot/dts/rockchip/rk3399-rock960.dts   | 10 ++++++++++
 arch/arm64/boot/dts/rockchip/rk3399-rockpro64.dts | 18 ++++++++++++++++++
 drivers/clk/rockchip/clk-mmc-phase.c              | 14 ++++++--------
 drivers/clk/rockchip/clk-rk3228.c                 |  1 +
 12 files changed, 82 insertions(+), 24 deletions(-)
Merging samsung-krzk/for-next (831c75782772 Merge branch 'next/dt64' into for-next)
$ git merge samsung-krzk/for-next
Already up to date!
Merge made by the 'recursive' strategy.
Merging sunxi/sunxi/for-next (e1152002eef6 Merge branches 'sunxi/dt64-for-5.3' and 'sunxi/dt-for-5.3' into sunxi/for-next)
$ git merge sunxi/sunxi/for-next
Auto-merging arch/arm64/configs/defconfig
CONFLICT (content): Merge conflict in arch/arm64/configs/defconfig
Removing Documentation/devicetree/bindings/bus/sunxi-rsb.txt
Recorded preimage for 'arch/arm64/configs/defconfig'
Automatic merge failed; fix conflicts and then commit the result.
$ git commit -v -a
Recorded resolution for 'arch/arm64/configs/defconfig'.
[master 56afd5b63e2c] Merge remote-tracking branch 'sunxi/sunxi/for-next'
$ git diff -M --stat --summary HEAD^..
 .../bindings/bus/allwinner,sun8i-a23-rsb.yaml      |  79 +++++++++++++
 .../devicetree/bindings/bus/sunxi-rsb.txt          |  47 --------
 arch/arm/boot/dts/sun8i-h3-beelink-x2.dts          |   4 +
 arch/arm/boot/dts/sun8i-r40-bananapi-m2-ultra.dts  |   7 +-
 arch/arm/boot/dts/sun8i-v40-bananapi-m2-berry.dts  | 123 +++++++++++++++++++++
 arch/arm64/boot/dts/allwinner/axp803.dtsi          |   6 +
 .../dts/allwinner/sun50i-a64-amarula-relic.dts     |  25 ++++-
 .../boot/dts/allwinner/sun50i-a64-bananapi-m64.dts |   7 +-
 .../boot/dts/allwinner/sun50i-a64-nanopi-a64.dts   |   6 -
 .../allwinner/sun50i-a64-oceanic-5205-5inmfd.dts   |  23 ++++
 .../boot/dts/allwinner/sun50i-a64-orangepi-win.dts |  23 ++++
 .../arm64/boot/dts/allwinner/sun50i-a64-pine64.dts |   2 -
 .../boot/dts/allwinner/sun50i-a64-teres-i.dts      |  44 +++++++-
 arch/arm64/boot/dts/allwinner/sun50i-a64.dtsi      |  14 +++
 .../boot/dts/allwinner/sun50i-h6-pine-h64.dts      |  10 ++
 arch/arm64/configs/defconfig                       |   1 +
 16 files changed, 359 insertions(+), 62 deletions(-)
 create mode 100644 Documentation/devicetree/bindings/bus/allwinner,sun8i-a23-rsb.yaml
 delete mode 100644 Documentation/devicetree/bindings/bus/sunxi-rsb.txt
Merging tegra/for-next (0c0ffecf65fd Merge branch for-5.2/arm64/defconfig into for-next)
$ git merge tegra/for-next
Already up to date!
Merge made by the 'recursive' strategy.
Merging clk/clk-next (a188339ca5a3 Linux 5.2-rc1)
$ git merge clk/clk-next
Already up to date.
Merging clk-samsung/for-next (3c297d9e65d8 clk: samsung: exynos5410: Add gate clock for ADC)
$ git merge clk-samsung/for-next
Merge made by the 'recursive' strategy.
Merging c6x/for-linux-next (8adcc59974b8 Merge branch 'work.misc' of git://git.kernel.org/pub/scm/linux/kernel/git/viro/vfs)
$ git merge c6x/for-linux-next
Already up to date.
Merging csky/linux-next (d2adb7b6249a csky: Select intc & timer drivers)
$ git merge csky/linux-next
Merge made by the 'recursive' strategy.
 arch/csky/Kconfig | 4 ++++
 1 file changed, 4 insertions(+)
Merging h8300/h8300-next (21c7acc439b5 h8300: pci: Remove local declaration of pcibios_penalize_isa_irq)
$ git merge h8300/h8300-next
Already up to date.
Merging ia64/next (c51836246f97 ia64: generate uapi header and system call table files)
$ git merge ia64/next
Already up to date.
Merging m68k/for-next (fdd20ec8786a Documentation/features/time: Mark m68k having modern-timekeeping)
$ git merge m68k/for-next
Already up to date.
Merging m68knommu/for-next (a188339ca5a3 Linux 5.2-rc1)
$ git merge m68knommu/for-next
Already up to date.
Merging microblaze/next (226a893bbb1f microblaze: no need to check return value of debugfs_create functions)
$ git merge microblaze/next
Already up to date.
Merging mips/mips-next (b1e479e3dcbc MIPS: Alchemy: add DMA masks for on-chip ethernet)
$ git merge mips/mips-next
Already up to date.
Merging nds32/next (af9abd65983c nds32: Fix vDSO clock_getres())
$ git merge nds32/next
Already up to date.
Merging nios2/for-next (21e6bff5e0ef nios2: Fix update_mmu_cache preload the TLB with the new PTE)
$ git merge nios2/for-next
Already up to date.
Merging openrisc/for-next (57ce8ba0fd3a openrisc: Fix broken paths to arch/or32)
$ git merge openrisc/for-next
Already up to date.
Merging parisc-hd/for-next (200036a8e802 parisc: Allow building 64-bit kernel without -mlong-calls compiler option)
$ git merge parisc-hd/for-next
Merge made by the 'recursive' strategy.
 arch/parisc/Kconfig              |  4 ++--
 arch/parisc/kernel/vmlinux.lds.S | 21 ++++++++++++++-------
 2 files changed, 16 insertions(+), 9 deletions(-)
Merging powerpc/next (8150a153c013 powerpc/64s: Use early_mmu_has_feature() in set_kuap())
$ git merge powerpc/next
Already up to date.
Merging fsl/next (63d86876f324 Revert "powerpc/fsl_pci: simplify fsl_pci_dma_set_mask")
$ git merge fsl/next
Already up to date.
Merging soc-fsl/next (5d1d046e2868 soc: fsl: qbman_portals: add APIs to retrieve the probing status)
$ git merge soc-fsl/next
Auto-merging MAINTAINERS
Merge made by the 'recursive' strategy.
 .../devicetree/bindings/misc/fsl,dpaa2-console.txt |  11 +
 MAINTAINERS                                        |   1 +
 drivers/bus/fsl-mc/dprc.c                          |  30 +-
 drivers/bus/fsl-mc/fsl-mc-bus.c                    |  15 +-
 drivers/bus/fsl-mc/fsl-mc-private.h                |  17 +-
 drivers/soc/fsl/Kconfig                            |  10 +
 drivers/soc/fsl/Makefile                           |   1 +
 drivers/soc/fsl/dpaa2-console.c                    | 329 +++++++++++++++++++++
 drivers/soc/fsl/dpio/dpio-driver.c                 |  23 +-
 drivers/soc/fsl/dpio/qbman-portal.c                | 148 +++++++--
 drivers/soc/fsl/dpio/qbman-portal.h                |   9 +-
 drivers/soc/fsl/guts.c                             |   6 +
 drivers/soc/fsl/qbman/bman_portal.c                |  20 +-
 drivers/soc/fsl/qbman/qman_ccsr.c                  |   2 +-
 drivers/soc/fsl/qbman/qman_portal.c                |  21 +-
 drivers/soc/fsl/qbman/qman_priv.h                  |   9 +-
 include/soc/fsl/bman.h                             |   8 +
 include/soc/fsl/qman.h                             |   9 +
 18 files changed, 618 insertions(+), 51 deletions(-)
 create mode 100644 Documentation/devicetree/bindings/misc/fsl,dpaa2-console.txt
 create mode 100644 drivers/soc/fsl/dpaa2-console.c
Merging risc-v-pjw/for-next (467e050e9760 Merge branch 'i2c/for-current' of git://git.kernel.org/pub/scm/linux/kernel/git/wsa/linux)
$ git merge risc-v-pjw/for-next
Already up to date.
Merging risc-v/for-next (8fef9900d43f riscv: fix locking violation in page fault handler)
$ git merge risc-v/for-next
Already up to date.
Merging sifive/for-next (467e050e9760 Merge branch 'i2c/for-current' of git://git.kernel.org/pub/scm/linux/kernel/git/wsa/linux)
$ git merge sifive/for-next
Already up to date.
Merging s390/features (f3e20ad67b4c s390: move arch/s390/defconfig to arch/s390/configs/defconfig)
$ git merge s390/features
Already up to date.
Merging sparc-next/master (b71acb0e3721 Merge branch 'linus' of git://git.kernel.org/pub/scm/linux/kernel/git/herbert/crypto-2.6)
$ git merge sparc-next/master
Already up to date.
Merging uml/linux-next (1987b1b8f9f1 um: irq: don't set the chip for all irqs)
$ git merge uml/linux-next
Already up to date.
Merging xtensa/xtensa-for-next (0542593fff0f Merge branch 'xtensa-for-next' into xtensa-5.2-fixes)
$ git merge xtensa/xtensa-for-next
Already up to date!
Merge made by the 'recursive' strategy.
Merging fscrypt/master (2c58d548f570 fscrypt: cache decrypted symlink target in ->i_link)
$ git merge fscrypt/master
Already up to date.
Merging btrfs/next (29dcea88779c Linux 4.17)
$ git merge btrfs/next
Already up to date.
Merging btrfs-kdave/for-next (6fc9f4e59957 Merge branch 'for-next-current-v5.1-20190509' into for-next-20190509)
$ git merge btrfs-kdave/for-next
Already up to date!
Merge made by the 'recursive' strategy.
Merging ceph/master (00abf69dd24f ceph: flush dirty inodes before proceeding with remount)
$ git merge ceph/master
Already up to date.
Merging cifs/for-next (63f538a448ce cifs: fix memory leak of pneg_inbuf on -EOPNOTSUPP ioctl case)
$ git merge cifs/for-next
Merge made by the 'recursive' strategy.
 fs/cifs/smb2pdu.c | 3 ++-
 1 file changed, 2 insertions(+), 1 deletion(-)
Merging configfs/for-next (35399f87e271 configfs: fix possible use-after-free in configfs_register_group)
$ git merge configfs/for-next
Already up to date.
Merging ecryptfs/next (d43388dea04b eCryptfs: fix permission denied with ecryptfs_xattr mount option when create readonly file)
$ git merge ecryptfs/next
Auto-merging fs/ecryptfs/keystore.c
Auto-merging fs/ecryptfs/crypto.c
Merge made by the 'recursive' strategy.
 fs/ecryptfs/crypto.c   | 29 +++++++++++++++++++++++------
 fs/ecryptfs/keystore.c |  5 +++--
 2 files changed, 26 insertions(+), 8 deletions(-)
Merging ext3/for_next (38fa0e8e4a3b ext2: code cleanup by using test_opt() and clear_opt())
$ git merge ext3/for_next
Merge made by the 'recursive' strategy.
 Documentation/filesystems/ext2.txt |   8 ++-
 fs/ext2/super.c                    |  17 +++---
 fs/ext2/xattr.c                    | 116 +++++++++++++++++++++----------------
 fs/quota/dquot.c                   |  11 +++-
 4 files changed, 88 insertions(+), 64 deletions(-)
Merging ext4/dev (2c1d0e3631e5 ext4: avoid panic during forced reboot due to aborted journal)
$ git merge ext4/dev
Already up to date.
Merging f2fs/dev (e0654264c480 Merge tag 'backlight-next-5.2' of git://git.kernel.org/pub/scm/linux/kernel/git/lee/backlight)
$ git merge f2fs/dev
Already up to date.
Merging fuse/for-next (9031a69cf9f0 fuse: clean up fuse_alloc_inode)
$ git merge fuse/for-next
Already up to date.
Merging jfs/jfs-next (a5fdd713d256 jfs: fix bogus variable self-initialization)
$ git merge jfs/jfs-next
Already up to date.
Merging nfs/linux-next (a188339ca5a3 Linux 5.2-rc1)
$ git merge nfs/linux-next
Already up to date.
Merging nfs-anna/linux-next (5940d1cf9f42 SUNRPC: Rebalance a kref in auth_gss.c)
$ git merge nfs-anna/linux-next
Already up to date.
Merging nfsd/nfsd-next (1c73b9d24f80 nfsd: update callback done processing)
$ git merge nfsd/nfsd-next
Already up to date.
Merging orangefs/for-next (33713cd09ccd orangefs: truncate before updating size)
$ git merge orangefs/for-next
Already up to date.
Merging overlayfs/overlayfs-next (acf3062a7e1c ovl: relax WARN_ON() for overlapping layers use case)
$ git merge overlayfs/overlayfs-next
Already up to date.
Merging ubifs/linux-next (c16e73587ad6 ubifs: Don't leak orphans on memory during commit)
$ git merge ubifs/linux-next
Merge made by the 'recursive' strategy.
 fs/ubifs/orphan.c | 50 ++++++++++++++++++++++++--------------------------
 fs/ubifs/tnc.c    | 16 +++++++++++-----
 2 files changed, 35 insertions(+), 31 deletions(-)
Merging v9fs/9p-next (80a316ff1627 9p/xen: Add cleanup path in p9_trans_xen_init)
$ git merge v9fs/9p-next
Auto-merging net/9p/trans_xen.c
Merge made by the 'recursive' strategy.
 net/9p/trans_virtio.c | 8 +++++++-
 net/9p/trans_xen.c    | 8 +++++++-
 2 files changed, 14 insertions(+), 2 deletions(-)
Merging xfs/for-next (8869a2d297cb Merge remote-tracking branch 'korg/iomap-5.2-merge' into for-next)
$ git merge xfs/for-next
Already up to date!
Merge made by the 'recursive' strategy.
Merging file-locks/locks-next (945ab8f6de94 locks: wake any locks blocked on request before deadlock check)
$ git merge file-locks/locks-next
Already up to date.
Merging vfs/for-next (6e14c3cf8bc4 Merge branch 'work.icache' into for-next)
$ git merge vfs/for-next
Auto-merging Documentation/filesystems/porting
CONFLICT (content): Merge conflict in Documentation/filesystems/porting
Resolved 'Documentation/filesystems/porting' using previous resolution.
Automatic merge failed; fix conflicts and then commit the result.
$ git commit -v -a
[master 22077b2ed56a] Merge remote-tracking branch 'vfs/for-next'
$ git diff -M --stat --summary HEAD^..
Merging printk/for-next (967aa2217b6d Merge branch 'for-5.2-fixes' into for-next)
$ git merge printk/for-next
Already up to date!
Merge made by the 'recursive' strategy.
Merging pci/next (a188339ca5a3 Linux 5.2-rc1)
$ git merge pci/next
Already up to date.
Merging pstore/for-next/pstore (6b1be4a047a0 pstore/ram: Improve backward compatibility with older Chromebooks)
$ git merge pstore/for-next/pstore
Merge made by the 'recursive' strategy.
 fs/pstore/platform.c |  4 +++-
 fs/pstore/ram.c      | 21 +++++++++++++++++++++
 2 files changed, 24 insertions(+), 1 deletion(-)
Merging hid/for-next (eb18d1215405 Merge branch 'for-5.2/logitech' into for-next)
$ git merge hid/for-next
Already up to date!
Merge made by the 'recursive' strategy.
Merging i2c/i2c/for-next (a188339ca5a3 Linux 5.2-rc1)
$ git merge i2c/i2c/for-next
Already up to date.
Merging i3c/i3c/next (476c7e1d34f2 i3c: Fix a shift wrap bug in i3c_bus_set_addr_slot_status())
$ git merge i3c/i3c/next
Already up to date.
Merging dmi/master (57361846b52b Linux 4.19-rc2)
$ git merge dmi/master
Already up to date.
Merging hwmon-staging/hwmon-next (39abe9d88b30 hwmon: (lm75) Add support for TMP75B)
$ git merge hwmon-staging/hwmon-next
Already up to date.
Merging jc_docs/docs-next (d2f3bfb8beb1 Documentation: kdump: fix minor typo)
$ git merge jc_docs/docs-next
Merge made by the 'recursive' strategy.
 Documentation/driver-api/generic-counter.rst | 2 +-
 Documentation/kdump/kdump.txt                | 2 +-
 scripts/spdxcheck.py                         | 2 +-
 3 files changed, 3 insertions(+), 3 deletions(-)
Merging v4l-dvb/master (fc8670d1f72b media: rockchip/vpu: Fix/re-order probe-error/remove path)
$ git merge v4l-dvb/master
Already up to date.
Merging v4l-dvb-next/master (a455eda33faa Merge branch 'linus' of git://git.kernel.org/pub/scm/linux/kernel/git/evalenti/linux-soc-thermal)
$ git merge v4l-dvb-next/master
Already up to date.
Merging fbdev/fbdev-for-next (73ee89436047 Merge tag 'v5.2-rc1' of https://git.kernel.org/pub/scm/linux/kernel/git/torvalds/linux into fbdev-for-next)
$ git merge fbdev/fbdev-for-next
Already up to date!
Merge made by the 'recursive' strategy.
Merging pm/linux-next (03216f1a350e Merge branch 'acpi-pm' into linux-next)
$ git merge pm/linux-next
Already up to date!
Merge made by the 'recursive' strategy.
Merging cpufreq-arm/cpufreq/arm/linux-next (a02177a39344 dt-bindings: imx-cpufreq-dt: Document opp-supported-hw usage)
$ git merge cpufreq-arm/cpufreq/arm/linux-next
Merge made by the 'recursive' strategy.
 .../devicetree/bindings/cpufreq/imx-cpufreq-dt.txt | 37 +++++++++
 drivers/cpufreq/Kconfig.arm                        |  9 ++
 drivers/cpufreq/Makefile                           |  1 +
 drivers/cpufreq/cpufreq-dt-platdev.c               |  3 +
 drivers/cpufreq/imx-cpufreq-dt.c                   | 96 ++++++++++++++++++++++
 drivers/soc/imx/soc-imx8.c                         |  3 +
 6 files changed, 149 insertions(+)
 create mode 100644 Documentation/devicetree/bindings/cpufreq/imx-cpufreq-dt.txt
 create mode 100644 drivers/cpufreq/imx-cpufreq-dt.c
Merging cpupower/cpupower (21027e78e7c1 cpupower: correct spelling of interval)
$ git merge cpupower/cpupower
Merge made by the 'recursive' strategy.
 tools/power/cpupower/man/cpupower-monitor.1 | 2 +-
 tools/power/cpupower/po/cs.po               | 2 +-
 tools/power/cpupower/po/de.po               | 2 +-
 tools/power/cpupower/po/fr.po               | 2 +-
 tools/power/cpupower/po/it.po               | 2 +-
 tools/power/cpupower/po/pt.po               | 2 +-
 6 files changed, 6 insertions(+), 6 deletions(-)
Merging opp/opp/linux-next (c0ab9e0812da opp: Allocate genpd_virt_devs from dev_pm_opp_attach_genpd())
$ git merge opp/opp/linux-next
Merge made by the 'recursive' strategy.
 drivers/opp/core.c     | 138 ++++++++++++++++++++++++++++++++-----------------
 drivers/opp/of.c       |  30 +----------
 include/linux/pm_opp.h |   8 +--
 3 files changed, 98 insertions(+), 78 deletions(-)
Merging thermal/next (6df24c3e81b9 Merge branches 'thermal-core', 'thermal-built-it' and 'thermal-intel' into next)
$ git merge thermal/next
Already up to date.
Merging thermal-soc/next (37bcec5d9f71 hwmon: (pwm-fan) Use devm_thermal_of_cooling_device_register)
$ git merge thermal-soc/next
Already up to date.
Merging ieee1394/for-next (812cd88749e0 firewire: mark expected switch fall-throughs)
$ git merge ieee1394/for-next
Auto-merging drivers/firewire/core-iso.c
Merge made by the 'recursive' strategy.
 drivers/firewire/core-device.c   | 2 +-
 drivers/firewire/core-iso.c      | 2 +-
 drivers/firewire/core-topology.c | 1 +
 3 files changed, 3 insertions(+), 2 deletions(-)
Merging dlm/next (54cca4bad076 dlm: allow binding to all network interfaces)
$ git merge dlm/next
Merge made by the 'recursive' strategy.
 fs/dlm/config.c    | 42 ++++++++++++++++++++++++
 fs/dlm/config.h    |  3 +-
 fs/dlm/lockspace.c |  6 ++--
 fs/dlm/lowcomms.c  | 95 +++++++++++++++++++++++++++++++++++++++++++-----------
 fs/dlm/lowcomms.h  |  1 +
 5 files changed, 125 insertions(+), 22 deletions(-)
Merging swiotlb/linux-next (063b8271ec8f swiotlb-xen: ensure we have a single callsite for xen_dma_map_page)
$ git merge swiotlb/linux-next
Already up to date.
Merging rdma/for-next (c191f93454bc net/mlx5: Set completion EQs as shared resources)
$ git merge rdma/for-next
Already up to date.
Merging net-next/master (f49aa1de9836 Merge tag 'for-5.2-rc1-tag' of git://git.kernel.org/pub/scm/linux/kernel/git/kdave/linux)
$ git merge net-next/master
Already up to date.
Merging bpf-next/master (35c99ffa20ed Merge tag 'for_linus' of git://git.kernel.org/pub/scm/linux/kernel/git/mst/vhost)
$ git merge bpf-next/master
Already up to date.
Merging ipsec-next/master (601e6bcc4ef0 Merge git://git.kernel.org/pub/scm/linux/kernel/git/davem/net)
$ git merge ipsec-next/master
Already up to date.
Merging mlx5-next/mlx5-next (a188339ca5a3 Linux 5.2-rc1)
$ git merge mlx5-next/mlx5-next
Already up to date.
Merging netfilter-next/master (601e6bcc4ef0 Merge git://git.kernel.org/pub/scm/linux/kernel/git/davem/net)
$ git merge netfilter-next/master
Already up to date.
Merging nfc-next/master (1f008cfec5d5 NFC: fdp: Fix unused variable warnings)
$ git merge nfc-next/master
Auto-merging net/nfc/netlink.c
Auto-merging drivers/nfc/st95hf/core.c
Auto-merging drivers/nfc/st21nfca/dep.c
Auto-merging drivers/nfc/fdp/i2c.c
Merge made by the 'recursive' strategy.
 drivers/nfc/fdp/fdp.c      | 35 +++++------------------------------
 drivers/nfc/fdp/i2c.c      | 26 +++++++++++++-------------
 drivers/nfc/st21nfca/dep.c |  3 ++-
 drivers/nfc/st21nfca/se.c  |  5 +++--
 drivers/nfc/st95hf/core.c  |  7 ++-----
 net/nfc/netlink.c          |  6 ++++--
 6 files changed, 29 insertions(+), 53 deletions(-)
Merging ipvs-next/master (e2f7cc72cbf4 netfilter: conntrack: fix bogus port values for other l4 protocols)
$ git merge ipvs-next/master
Already up to date.
Merging wireless-drivers-next/master (f9b628d61fae rtw88: add license for Makefile)
$ git merge wireless-drivers-next/master
Already up to date.
Merging bluetooth/master (62a91990f4c5 Bluetooth: hci_qca: Rename STATE_<flags> to QCA_<flags>)
$ git merge bluetooth/master
Already up to date.
Merging mac80211-next/master (80f232121b69 Merge git://git.kernel.org/pub/scm/linux/kernel/git/davem/net-next)
$ git merge mac80211-next/master
Already up to date.
Merging gfs2/for-next (fbcde197e1be gfs2: Fix error path kobject memory leak)
$ git merge gfs2/for-next
Already up to date.
Merging mtd/mtd/next (3008ba870938 mtd: part: fix incorrect format specifier for an unsigned long long)
$ git merge mtd/mtd/next
Already up to date.
Merging nand/nand/next (84db7797ffd3 mtd: rawnand: fsmc: Use nand_op_trace for operation tracing)
$ git merge nand/nand/next
Merge made by the 'recursive' strategy.
 drivers/mtd/nand/raw/fsmc_nand.c       | 19 +-------
 drivers/mtd/nand/raw/nand_base.c       | 80 ++++++++++++++++------------------
 drivers/mtd/nand/raw/stm32_fmc2_nand.c |  6 +++
 include/linux/mtd/rawnand.h            | 36 +++++++++++++++
 4 files changed, 82 insertions(+), 59 deletions(-)
Merging spi-nor/spi-nor/next (e43f53c22a93 spi-nor: intel-spi: Add support for Intel Comet Lake SPI serial flash)
$ git merge spi-nor/spi-nor/next
Already up to date.
Merging crypto/master (e59f755ceb6d crypto: ccree - use a proper le32 type for le32 val)
$ git merge crypto/master
Already up to date.
Merging drm/drm-next (a188339ca5a3 Linux 5.2-rc1)
$ git merge drm/drm-next
Already up to date.
Merging amdgpu/drm-next (56965ce261af drm/amdgpu: cancel late_init_work before gpu reset)
$ git merge amdgpu/drm-next
Merge made by the 'recursive' strategy.
 drivers/gpu/drm/amd/amdgpu/Makefile                |   2 +-
 drivers/gpu/drm/amd/amdgpu/amdgpu.h                |  27 +-
 drivers/gpu/drm/amd/amdgpu/amdgpu_amdkfd.c         |  29 +-
 drivers/gpu/drm/amd/amdgpu/amdgpu_amdkfd.h         |   2 +
 drivers/gpu/drm/amd/amdgpu/amdgpu_amdkfd_gfx_v7.c  |   2 +-
 drivers/gpu/drm/amd/amdgpu/amdgpu_amdkfd_gfx_v8.c  |   2 +-
 drivers/gpu/drm/amd/amdgpu/amdgpu_amdkfd_gfx_v9.c  |  83 ++--
 drivers/gpu/drm/amd/amdgpu/amdgpu_amdkfd_gpuvm.c   |  14 +-
 drivers/gpu/drm/amd/amdgpu/amdgpu_bo_list.c        |   6 +-
 drivers/gpu/drm/amd/amdgpu/amdgpu_cs.c             |   6 +-
 drivers/gpu/drm/amd/amdgpu/amdgpu_device.c         | 111 +++--
 .../amdgpu/{amdgpu_prime.c => amdgpu_dma_buf.c}    | 131 +++---
 drivers/gpu/drm/amd/amdgpu/amdgpu_dma_buf.h        |  46 ++
 drivers/gpu/drm/amd/amdgpu/amdgpu_dpm.h            |  14 +
 drivers/gpu/drm/amd/amdgpu/amdgpu_drv.c            |  83 +++-
 drivers/gpu/drm/amd/amdgpu/amdgpu_fence.c          |  35 +-
 drivers/gpu/drm/amd/amdgpu/amdgpu_gds.h            |  21 +-
 drivers/gpu/drm/amd/amdgpu/amdgpu_gem.h            |  16 -
 drivers/gpu/drm/amd/amdgpu/amdgpu_job.c            |   2 +
 drivers/gpu/drm/amd/amdgpu/amdgpu_kms.c            |  11 +-
 drivers/gpu/drm/amd/amdgpu/amdgpu_pm.c             | 222 +++++++++-
 drivers/gpu/drm/amd/amdgpu/amdgpu_psp.c            |  28 ++
 drivers/gpu/drm/amd/amdgpu/amdgpu_psp.h            |  37 +-
 drivers/gpu/drm/amd/amdgpu/amdgpu_ras.c            | 228 +++++++++-
 drivers/gpu/drm/amd/amdgpu/amdgpu_ras.h            |  11 +-
 drivers/gpu/drm/amd/amdgpu/amdgpu_ring.h           |   1 +
 drivers/gpu/drm/amd/amdgpu/amdgpu_ttm.c            |  24 +-
 drivers/gpu/drm/amd/amdgpu/amdgpu_ucode.c          |  63 +++
 drivers/gpu/drm/amd/amdgpu/amdgpu_ucode.h          |   2 +
 drivers/gpu/drm/amd/amdgpu/amdgpu_vcn.c            | 130 +-----
 drivers/gpu/drm/amd/amdgpu/amdgpu_vcn.h            |  23 +
 drivers/gpu/drm/amd/amdgpu/amdgpu_virt.c           |  44 ++
 drivers/gpu/drm/amd/amdgpu/amdgpu_virt.h           |  13 +
 drivers/gpu/drm/amd/amdgpu/amdgpu_xgmi.c           |  53 ++-
 drivers/gpu/drm/amd/amdgpu/amdgpu_xgmi.h           |   3 +-
 drivers/gpu/drm/amd/amdgpu/cik.c                   |  13 +
 drivers/gpu/drm/amd/amdgpu/df_v3_6.c               | 428 ++++++++++++++++++
 drivers/gpu/drm/amd/amdgpu/df_v3_6.h               |  17 +
 drivers/gpu/drm/amd/amdgpu/gfx_v7_0.c              |  32 +-
 drivers/gpu/drm/amd/amdgpu/gfx_v8_0.c              |  32 +-
 drivers/gpu/drm/amd/amdgpu/gfx_v9_0.c              | 424 ++++++++++++++----
 drivers/gpu/drm/amd/amdgpu/gfxhub_v1_0.c           |  20 +-
 drivers/gpu/drm/amd/amdgpu/gmc_v8_0.c              |  14 +-
 drivers/gpu/drm/amd/amdgpu/gmc_v9_0.c              |  35 +-
 drivers/gpu/drm/amd/amdgpu/mmhub_v1_0.c            |  25 +-
 drivers/gpu/drm/amd/amdgpu/mxgpu_ai.c              |  21 +-
 drivers/gpu/drm/amd/amdgpu/nbio_v7_0.c             |  15 +-
 drivers/gpu/drm/amd/amdgpu/nbio_v7_4.c             |  15 +-
 drivers/gpu/drm/amd/amdgpu/psp_gfx_if.h            |   8 +
 drivers/gpu/drm/amd/amdgpu/psp_v3_1.c              | 131 ++++--
 drivers/gpu/drm/amd/amdgpu/sdma_v4_0.c             |  43 +-
 drivers/gpu/drm/amd/amdgpu/si.c                    |  13 +
 drivers/gpu/drm/amd/amdgpu/soc15.c                 |  86 +++-
 drivers/gpu/drm/amd/amdgpu/soc15.h                 |  10 +
 drivers/gpu/drm/amd/amdgpu/soc15_common.h          |  68 ++-
 drivers/gpu/drm/amd/amdgpu/uvd_v4_2.c              |   1 +
 drivers/gpu/drm/amd/amdgpu/uvd_v5_0.c              |   1 +
 drivers/gpu/drm/amd/amdgpu/uvd_v6_0.c              |   3 +
 drivers/gpu/drm/amd/amdgpu/uvd_v7_0.c              |   2 +
 drivers/gpu/drm/amd/amdgpu/vce_v2_0.c              |   1 +
 drivers/gpu/drm/amd/amdgpu/vce_v3_0.c              |   2 +
 drivers/gpu/drm/amd/amdgpu/vce_v4_0.c              |   1 +
 drivers/gpu/drm/amd/amdgpu/vcn_v1_0.c              | 135 +++++-
 drivers/gpu/drm/amd/amdgpu/vega10_ih.c             |  91 +++-
 drivers/gpu/drm/amd/amdgpu/vi.c                    |  13 +
 drivers/gpu/drm/amd/amdkfd/cwsr_trap_handler.h     | 483 ++++++++++-----------
 .../gpu/drm/amd/amdkfd/cwsr_trap_handler_gfx8.asm  |  13 -
 .../gpu/drm/amd/amdkfd/cwsr_trap_handler_gfx9.asm  |  63 +--
 drivers/gpu/drm/amd/amdkfd/kfd_chardev.c           |   8 +-
 drivers/gpu/drm/amd/amdkfd/kfd_crat.c              |   7 +-
 drivers/gpu/drm/amd/amdkfd/kfd_crat.h              |   3 +-
 drivers/gpu/drm/amd/amdkfd/kfd_device.c            |  16 +
 .../gpu/drm/amd/amdkfd/kfd_device_queue_manager.c  |  32 +-
 .../gpu/drm/amd/amdkfd/kfd_device_queue_manager.h  |   2 +-
 drivers/gpu/drm/amd/amdkfd/kfd_events.c            |   2 +-
 drivers/gpu/drm/amd/amdkfd/kfd_flat_memory.c       |   2 -
 drivers/gpu/drm/amd/amdkfd/kfd_mqd_manager_vi.c    |   2 +-
 drivers/gpu/drm/amd/amdkfd/kfd_priv.h              |   9 +-
 drivers/gpu/drm/amd/display/Kconfig                |   6 -
 drivers/gpu/drm/amd/display/amdgpu_dm/amdgpu_dm.c  |  26 +-
 drivers/gpu/drm/amd/display/dc/bios/bios_parser2.c |   2 +
 .../amd/display/dc/bios/command_table_helper2.c    |   5 -
 drivers/gpu/drm/amd/display/dc/core/dc.c           |  95 ++--
 .../gpu/drm/amd/display/dc/core/dc_hw_sequencer.c  |  29 +-
 drivers/gpu/drm/amd/display/dc/core/dc_link.c      |  37 +-
 drivers/gpu/drm/amd/display/dc/core/dc_resource.c  | 130 ++----
 drivers/gpu/drm/amd/display/dc/core/dc_stream.c    |  51 +--
 drivers/gpu/drm/amd/display/dc/dc.h                |   5 +-
 drivers/gpu/drm/amd/display/dc/dc_helper.c         |   2 +-
 drivers/gpu/drm/amd/display/dc/dc_hw_types.h       |   1 +
 drivers/gpu/drm/amd/display/dc/dc_link.h           |   1 +
 drivers/gpu/drm/amd/display/dc/dc_types.h          |   2 +-
 drivers/gpu/drm/amd/display/dc/dce/dce_abm.c       |   2 +
 drivers/gpu/drm/amd/display/dc/dce/dce_clk_mgr.c   |  78 +++-
 drivers/gpu/drm/amd/display/dc/dce/dce_clk_mgr.h   |  23 +
 .../gpu/drm/amd/display/dc/dce/dce_clock_source.c  |   4 +-
 drivers/gpu/drm/amd/display/dc/dce/dce_i2c_hw.c    |   7 +-
 drivers/gpu/drm/amd/display/dc/dce/dce_i2c_hw.h    |   3 +
 .../drm/amd/display/dc/dce/dce_stream_encoder.c    |   1 +
 .../drm/amd/display/dc/dce100/dce100_resource.c    |  44 +-
 .../drm/amd/display/dc/dce100/dce100_resource.h    |   5 +
 .../amd/display/dc/dce110/dce110_hw_sequencer.c    |  97 ++---
 .../drm/amd/display/dc/dce110/dce110_resource.c    |  40 +-
 .../drm/amd/display/dc/dce110/dce110_resource.h    |   5 +
 .../display/dc/dce110/dce110_timing_generator.c    |   5 +
 .../display/dc/dce110/dce110_timing_generator.h    |   5 +
 .../display/dc/dce110/dce110_timing_generator_v.c  |   5 +
 .../drm/amd/display/dc/dce112/dce112_resource.c    |   3 +-
 .../drm/amd/display/dc/dce120/dce120_resource.c    |   9 +-
 .../display/dc/dce120/dce120_timing_generator.c    |  96 +++-
 .../gpu/drm/amd/display/dc/dce80/dce80_resource.c  |   3 +-
 .../amd/display/dc/dce80/dce80_timing_generator.c  |   7 +-
 .../gpu/drm/amd/display/dc/dcn10/dcn10_clk_mgr.c   |  78 +++-
 .../gpu/drm/amd/display/dc/dcn10/dcn10_hubbub.c    | 430 +++++++++---------
 .../gpu/drm/amd/display/dc/dcn10/dcn10_hubbub.h    |  16 +
 .../drm/amd/display/dc/dcn10/dcn10_hw_sequencer.c  |  55 ++-
 .../drm/amd/display/dc/dcn10/dcn10_hw_sequencer.h  |   2 +
 .../drm/amd/display/dc/dcn10/dcn10_link_encoder.c  |   2 +
 drivers/gpu/drm/amd/display/dc/dcn10/dcn10_optc.c  | 152 ++++---
 drivers/gpu/drm/amd/display/dc/dcn10/dcn10_optc.h  |  20 +-
 .../gpu/drm/amd/display/dc/dcn10/dcn10_resource.c  |  91 ++--
 .../gpu/drm/amd/display/dc/dcn10/dcn10_resource.h  |   5 +
 .../amd/display/dc/dcn10/dcn10_stream_encoder.c    | 107 ++++-
 .../amd/display/dc/dcn10/dcn10_stream_encoder.h    |  22 +
 drivers/gpu/drm/amd/display/dc/dm_pp_smu.h         |   2 +-
 .../drm/amd/display/dc/dml/display_mode_structs.h  |   5 +
 drivers/gpu/drm/amd/display/dc/gpio/hw_factory.c   |   4 -
 drivers/gpu/drm/amd/display/dc/gpio/hw_translate.c |   5 -
 drivers/gpu/drm/amd/display/dc/inc/core_types.h    |  25 ++
 drivers/gpu/drm/amd/display/dc/inc/hw/clk_mgr.h    |   8 +-
 .../gpu/drm/amd/display/dc/inc/hw/link_encoder.h   |   1 +
 .../gpu/drm/amd/display/dc/inc/hw/stream_encoder.h |   7 +-
 .../drm/amd/display/dc/inc/hw/timing_generator.h   |  25 +-
 drivers/gpu/drm/amd/display/dc/inc/hw_sequencer.h  |   5 +
 .../drm/amd/display/include/bios_parser_types.h    |   3 +-
 drivers/gpu/drm/amd/display/include/dal_asic_id.h  |  10 +-
 drivers/gpu/drm/amd/display/include/dal_types.h    |   2 -
 .../gpu/drm/amd/display/include/set_mode_types.h   |   5 +-
 .../drm/amd/display/modules/color/color_gamma.c    |  56 ++-
 .../drm/amd/display/modules/color/color_gamma.h    |   1 +
 .../amd/display/modules/info_packet/info_packet.c  |   4 +-
 .../drm/amd/include/asic_reg/df/df_3_6_offset.h    |  18 +
 .../drm/amd/include/asic_reg/gc/gc_9_0_offset.h    |  31 ++
 .../drm/amd/include/asic_reg/nbio/nbio_6_1_smn.h   |   3 +
 .../drm/amd/include/asic_reg/nbio/nbio_7_0_smn.h   |   3 +
 .../drm/amd/include/asic_reg/nbio/nbio_7_4_0_smn.h |   3 +
 drivers/gpu/drm/amd/include/cik_structs.h          |   3 +-
 drivers/gpu/drm/amd/include/kgd_kfd_interface.h    |   1 +
 drivers/gpu/drm/amd/include/kgd_pp_interface.h     |  11 +
 drivers/gpu/drm/amd/include/v9_structs.h           |   3 +-
 drivers/gpu/drm/amd/include/vi_structs.h           |   3 +-
 drivers/gpu/drm/amd/powerplay/amdgpu_smu.c         |  76 ++--
 .../gpu/drm/amd/powerplay/hwmgr/hardwaremanager.c  |  18 +-
 drivers/gpu/drm/amd/powerplay/hwmgr/smu7_hwmgr.c   |   5 +-
 drivers/gpu/drm/amd/powerplay/hwmgr/vega10_hwmgr.c | 143 +++++-
 drivers/gpu/drm/amd/powerplay/hwmgr/vega12_hwmgr.c | 113 +++--
 drivers/gpu/drm/amd/powerplay/hwmgr/vega12_hwmgr.h |   3 +
 drivers/gpu/drm/amd/powerplay/hwmgr/vega20_hwmgr.c |  74 +++-
 drivers/gpu/drm/amd/powerplay/inc/amdgpu_smu.h     |  12 +-
 drivers/gpu/drm/amd/powerplay/inc/power_state.h    |   7 +
 drivers/gpu/drm/amd/powerplay/inc/pp_thermal.h     |  12 +-
 drivers/gpu/drm/amd/powerplay/inc/smu_v11_0.h      |   3 +
 drivers/gpu/drm/amd/powerplay/inc/smumgr.h         |   1 +
 drivers/gpu/drm/amd/powerplay/smu_v11_0.c          | 191 ++++++--
 drivers/gpu/drm/amd/powerplay/smumgr/ci_smumgr.c   |   2 +
 drivers/gpu/drm/amd/powerplay/smumgr/fiji_smumgr.c |   2 +
 .../gpu/drm/amd/powerplay/smumgr/iceland_smumgr.c  |   2 +
 .../drm/amd/powerplay/smumgr/polaris10_smumgr.c    |   2 +
 .../gpu/drm/amd/powerplay/smumgr/tonga_smumgr.c    |   2 +
 .../gpu/drm/amd/powerplay/smumgr/vega12_smumgr.c   |  21 +
 .../gpu/drm/amd/powerplay/smumgr/vegam_smumgr.c    |   2 +
 drivers/gpu/drm/amd/powerplay/vega20_ppt.c         | 153 +++++++
 drivers/gpu/drm/amd/powerplay/vega20_ppt.h         |  44 ++
 include/uapi/linux/kfd_ioctl.h                     |   8 +
 174 files changed, 5061 insertions(+), 1763 deletions(-)
 rename drivers/gpu/drm/amd/amdgpu/{amdgpu_prime.c => amdgpu_dma_buf.c} (93%)
 create mode 100644 drivers/gpu/drm/amd/amdgpu/amdgpu_dma_buf.h
Merging drm-intel/for-linux-next (5c000fb33b76 drm/i915: Bump gen7+ fb size limits to 16kx16k)
$ git merge drm-intel/for-linux-next
Auto-merging drivers/misc/mei/hdcp/mei_hdcp.c
Auto-merging drivers/gpu/drm/i915/intel_runtime_pm.c
Auto-merging drivers/gpu/drm/i915/intel_pipe_crc.c
CONFLICT (content): Merge conflict in drivers/gpu/drm/i915/intel_pipe_crc.c
Auto-merging drivers/gpu/drm/i915/intel_hdmi.c
Auto-merging drivers/gpu/drm/i915/intel_guc_submission.c
CONFLICT (content): Merge conflict in drivers/gpu/drm/i915/intel_guc_submission.c
Auto-merging drivers/gpu/drm/i915/intel_display.c
CONFLICT (content): Merge conflict in drivers/gpu/drm/i915/intel_display.c
Removing drivers/gpu/drm/i915/intel_context.h
CONFLICT (modify/delete): drivers/gpu/drm/i915/intel_context.c deleted in drm-intel/for-linux-next and modified in HEAD. Version HEAD of drivers/gpu/drm/i915/intel_context.c left in tree.
Auto-merging drivers/gpu/drm/i915/intel_color.c
Auto-merging drivers/gpu/drm/i915/i915_vma.c
Auto-merging drivers/gpu/drm/i915/i915_scheduler_types.h
Auto-merging drivers/gpu/drm/i915/i915_scheduler.c
CONFLICT (content): Merge conflict in drivers/gpu/drm/i915/i915_scheduler.c
Auto-merging drivers/gpu/drm/i915/i915_request.c
CONFLICT (content): Merge conflict in drivers/gpu/drm/i915/i915_request.c
Auto-merging drivers/gpu/drm/i915/i915_gem_execbuffer.c
Auto-merging drivers/gpu/drm/i915/i915_gem.c
Auto-merging drivers/gpu/drm/i915/gvt/scheduler.c
Auto-merging drivers/gpu/drm/i915/gvt/mmio_context.c
Auto-merging drivers/gpu/drm/i915/gt/selftest_lrc.c
Auto-merging drivers/gpu/drm/i915/gt/intel_workarounds.c
Auto-merging drivers/gpu/drm/i915/gt/intel_lrc.c
CONFLICT (content): Merge conflict in drivers/gpu/drm/i915/gt/intel_lrc.c
Auto-merging drivers/gpu/drm/i915/gt/intel_context_types.h
CONFLICT (content): Merge conflict in drivers/gpu/drm/i915/gt/intel_context_types.h
Auto-merging drivers/gpu/drm/i915/gt/intel_breadcrumbs.c
CONFLICT (content): Merge conflict in drivers/gpu/drm/i915/gt/intel_breadcrumbs.c
Auto-merging drivers/gpu/drm/i915/Kconfig
Auto-merging drivers/gpu/drm/drm_connector.c
Recorded preimage for 'drivers/gpu/drm/i915/gt/intel_breadcrumbs.c'
Recorded preimage for 'drivers/gpu/drm/i915/gt/intel_context_types.h'
Recorded preimage for 'drivers/gpu/drm/i915/gt/intel_lrc.c'
Recorded preimage for 'drivers/gpu/drm/i915/i915_request.c'
Recorded preimage for 'drivers/gpu/drm/i915/i915_scheduler.c'
Recorded preimage for 'drivers/gpu/drm/i915/intel_display.c'
Recorded preimage for 'drivers/gpu/drm/i915/intel_guc_submission.c'
Recorded preimage for 'drivers/gpu/drm/i915/intel_pipe_crc.c'
Automatic merge failed; fix conflicts and then commit the result.
$ git rm -f drivers/gpu/drm/i915/intel_context.c
drivers/gpu/drm/i915/intel_context.c: needs merge
rm 'drivers/gpu/drm/i915/intel_context.c'
$ git commit -v -a
Recorded resolution for 'drivers/gpu/drm/i915/gt/intel_breadcrumbs.c'.
Recorded resolution for 'drivers/gpu/drm/i915/gt/intel_context_types.h'.
Recorded resolution for 'drivers/gpu/drm/i915/gt/intel_lrc.c'.
Recorded resolution for 'drivers/gpu/drm/i915/i915_request.c'.
Recorded resolution for 'drivers/gpu/drm/i915/i915_scheduler.c'.
Recorded resolution for 'drivers/gpu/drm/i915/intel_display.c'.
Recorded resolution for 'drivers/gpu/drm/i915/intel_guc_submission.c'.
Recorded resolution for 'drivers/gpu/drm/i915/intel_pipe_crc.c'.
[master 42460e8bde5d] Merge remote-tracking branch 'drm-intel/for-linux-next'
$ git diff -M --stat --summary HEAD^..
 Documentation/gpu/drm-kms-helpers.rst              |    6 +
 drivers/gpu/drm/Makefile                           |    2 +-
 drivers/gpu/drm/drm_atomic_uapi.c                  |    4 +-
 drivers/gpu/drm/drm_connector.c                    |   43 -
 drivers/gpu/drm/drm_hdcp.c                         |  382 ++++++++
 drivers/gpu/drm/drm_internal.h                     |    5 +
 drivers/gpu/drm/drm_sysfs.c                        |    2 +
 drivers/gpu/drm/i915/Kconfig                       |    6 +
 drivers/gpu/drm/i915/Kconfig.profile               |   13 +
 drivers/gpu/drm/i915/Makefile                      |   52 +-
 drivers/gpu/drm/i915/Makefile.header-test          |   33 +-
 drivers/gpu/drm/i915/dvo_ch7017.c                  |    3 +-
 drivers/gpu/drm/i915/dvo_ch7xxx.c                  |    3 +-
 drivers/gpu/drm/i915/dvo_ivch.c                    |    3 +-
 drivers/gpu/drm/i915/dvo_ns2501.c                  |    5 +-
 drivers/gpu/drm/i915/dvo_sil164.c                  |    3 +-
 drivers/gpu/drm/i915/dvo_tfp410.c                  |    3 +-
 drivers/gpu/drm/i915/gt/Makefile                   |    2 +
 drivers/gpu/drm/i915/gt/Makefile.header-test       |   16 +
 drivers/gpu/drm/i915/{ => gt}/intel_breadcrumbs.c  |   19 +
 drivers/gpu/drm/i915/gt/intel_context.c            |  179 ++++
 drivers/gpu/drm/i915/gt/intel_context.h            |  130 +++
 .../gpu/drm/i915/{ => gt}/intel_context_types.h    |   19 +-
 .../i915/{intel_ringbuffer.h => gt/intel_engine.h} |   54 +-
 drivers/gpu/drm/i915/{ => gt}/intel_engine_cs.c    |  340 +++----
 drivers/gpu/drm/i915/gt/intel_engine_pm.c          |  164 ++++
 drivers/gpu/drm/i915/gt/intel_engine_pm.h          |   22 +
 drivers/gpu/drm/i915/{ => gt}/intel_engine_types.h |   21 +-
 drivers/gpu/drm/i915/{ => gt}/intel_gpu_commands.h |    0
 drivers/gpu/drm/i915/gt/intel_gt_pm.c              |  143 +++
 drivers/gpu/drm/i915/gt/intel_gt_pm.h              |   27 +
 drivers/gpu/drm/i915/{ => gt}/intel_hangcheck.c    |   29 +-
 drivers/gpu/drm/i915/{ => gt}/intel_lrc.c          |  344 ++-----
 drivers/gpu/drm/i915/{ => gt}/intel_lrc.h          |   11 +-
 drivers/gpu/drm/i915/{ => gt}/intel_lrc_reg.h      |    0
 drivers/gpu/drm/i915/{ => gt}/intel_mocs.c         |    4 +-
 drivers/gpu/drm/i915/{ => gt}/intel_mocs.h         |    4 +-
 .../drm/i915/{i915_reset.c => gt/intel_reset.c}    |  110 +--
 .../drm/i915/{i915_reset.h => gt/intel_reset.h}    |    3 +-
 drivers/gpu/drm/i915/{ => gt}/intel_ringbuffer.c   |  360 ++++---
 drivers/gpu/drm/i915/gt/intel_sseu.c               |  142 +++
 drivers/gpu/drm/i915/gt/intel_sseu.h               |   67 ++
 drivers/gpu/drm/i915/{ => gt}/intel_workarounds.c  |  191 +++-
 drivers/gpu/drm/i915/{ => gt}/intel_workarounds.h  |   10 +-
 .../drm/i915/{ => gt}/intel_workarounds_types.h    |    7 +-
 .../gpu/drm/i915/{selftests => gt}/mock_engine.c   |   53 +-
 .../gpu/drm/i915/{selftests => gt}/mock_engine.h   |    4 +-
 .../intel_engine_cs.c => gt/selftest_engine_cs.c}  |    0
 .../intel_hangcheck.c => gt/selftest_hangcheck.c}  |   78 +-
 .../{selftests/intel_lrc.c => gt/selftest_lrc.c}   |   36 +-
 .../selftest_workarounds.c}                        |  383 ++++++--
 drivers/gpu/drm/i915/gvt/gvt.h                     |    2 +-
 drivers/gpu/drm/i915/gvt/kvmgt.c                   |    2 +-
 drivers/gpu/drm/i915/gvt/mmio_context.c            |    3 +-
 drivers/gpu/drm/i915/gvt/scheduler.c               |  147 +--
 drivers/gpu/drm/i915/i915_cmd_parser.c             |    3 +-
 drivers/gpu/drm/i915/i915_debugfs.c                |  121 ++-
 drivers/gpu/drm/i915/i915_debugfs.h                |   20 +
 drivers/gpu/drm/i915/i915_drv.c                    |   42 +-
 drivers/gpu/drm/i915/i915_drv.h                    |  407 ++------
 drivers/gpu/drm/i915/i915_fixed.h                  |    6 +-
 drivers/gpu/drm/i915/i915_gem.c                    |  551 ++---------
 drivers/gpu/drm/i915/i915_gem.h                    |    3 -
 drivers/gpu/drm/i915/i915_gem_context.c            |  314 +++---
 drivers/gpu/drm/i915/i915_gem_context.h            |   65 +-
 drivers/gpu/drm/i915/i915_gem_context_types.h      |   44 +-
 drivers/gpu/drm/i915/i915_gem_evict.c              |   47 +-
 drivers/gpu/drm/i915/i915_gem_execbuffer.c         |  147 +--
 drivers/gpu/drm/i915/i915_gem_gtt.c                |  118 ++-
 drivers/gpu/drm/i915/i915_gem_gtt.h                |   30 +-
 drivers/gpu/drm/i915/i915_gem_pm.c                 |  250 +++++
 drivers/gpu/drm/i915/i915_gem_pm.h                 |   25 +
 drivers/gpu/drm/i915/i915_gem_shrinker.c           |   75 +-
 drivers/gpu/drm/i915/i915_gpu_error.c              |    5 +-
 drivers/gpu/drm/i915/i915_gpu_error.h              |    7 +-
 drivers/gpu/drm/i915/i915_irq.c                    |    8 +-
 drivers/gpu/drm/i915/i915_irq.h                    |  114 +++
 drivers/gpu/drm/i915/i915_pci.c                    |    7 +-
 drivers/gpu/drm/i915/i915_perf.c                   |   90 +-
 drivers/gpu/drm/i915/i915_pmu.c                    |    7 +-
 drivers/gpu/drm/i915/i915_reg.h                    |   15 +-
 drivers/gpu/drm/i915/i915_request.c                |  270 +++---
 drivers/gpu/drm/i915/i915_request.h                |   10 +-
 drivers/gpu/drm/i915/i915_scheduler.c              |   38 +-
 drivers/gpu/drm/i915/i915_scheduler.h              |   18 +
 drivers/gpu/drm/i915/i915_scheduler_types.h        |    2 +-
 drivers/gpu/drm/i915/i915_suspend.c                |    3 +-
 drivers/gpu/drm/i915/i915_sysfs.c                  |   51 +-
 drivers/gpu/drm/i915/i915_trace.h                  |    4 +-
 drivers/gpu/drm/i915/i915_utils.h                  |  163 +++-
 drivers/gpu/drm/i915/i915_vma.c                    |   13 +-
 drivers/gpu/drm/i915/i915_vma.h                    |    3 +
 drivers/gpu/drm/i915/icl_dsi.c                     |   63 +-
 drivers/gpu/drm/i915/intel_acpi.c                  |    3 +
 drivers/gpu/drm/i915/intel_acpi.h                  |   17 +
 drivers/gpu/drm/i915/intel_atomic.c                |   13 +
 drivers/gpu/drm/i915/intel_atomic.h                |   49 +
 drivers/gpu/drm/i915/intel_audio.c                 |   61 +-
 drivers/gpu/drm/i915/intel_bios.c                  |    2 +
 drivers/gpu/drm/i915/intel_bios.h                  |   21 +
 drivers/gpu/drm/i915/intel_cdclk.c                 |   59 +-
 drivers/gpu/drm/i915/intel_color.c                 |   96 +-
 drivers/gpu/drm/i915/intel_combo_phy.c             |   77 +-
 drivers/gpu/drm/i915/intel_combo_phy.h             |   20 +
 drivers/gpu/drm/i915/intel_context.c               |  270 ------
 drivers/gpu/drm/i915/intel_context.h               |   87 --
 drivers/gpu/drm/i915/intel_crt.c                   |    3 +
 drivers/gpu/drm/i915/intel_csr.c                   |    2 -
 drivers/gpu/drm/i915/intel_csr.h                   |    4 +
 drivers/gpu/drm/i915/intel_ddi.c                   |   28 +-
 drivers/gpu/drm/i915/intel_device_info.h           |   33 +-
 drivers/gpu/drm/i915/intel_display.c               | 1021 ++++++++++++--------
 drivers/gpu/drm/i915/intel_display.h               |   10 +-
 drivers/gpu/drm/i915/intel_dp.c                    |  107 +-
 drivers/gpu/drm/i915/intel_dp_aux_backlight.c      |    1 +
 drivers/gpu/drm/i915/intel_dp_aux_backlight.h      |   13 +
 drivers/gpu/drm/i915/intel_dp_link_training.c      |    1 +
 drivers/gpu/drm/i915/intel_dp_link_training.h      |   14 +
 drivers/gpu/drm/i915/intel_dp_mst.c                |    3 +
 drivers/gpu/drm/i915/intel_dp_mst.h                |   14 +
 drivers/gpu/drm/i915/intel_dpio_phy.c              |   39 +-
 drivers/gpu/drm/i915/intel_dpio_phy.h              |   58 ++
 drivers/gpu/drm/i915/intel_dpll_mgr.c              |   67 +-
 drivers/gpu/drm/i915/intel_dpll_mgr.h              |    8 +-
 drivers/gpu/drm/i915/intel_drv.h                   |  410 +-------
 drivers/gpu/drm/i915/intel_dsi.h                   |    7 +
 drivers/gpu/drm/i915/intel_dsi_dcs_backlight.c     |    8 +-
 drivers/gpu/drm/i915/intel_dsi_dcs_backlight.h     |   13 +
 drivers/gpu/drm/i915/intel_dsi_vbt.c               |   21 +-
 drivers/gpu/drm/i915/intel_dvo.c                   |    8 +-
 drivers/gpu/drm/i915/{dvo.h => intel_dvo_dev.h}    |   10 +-
 drivers/gpu/drm/i915/intel_fifo_underrun.c         |    1 +
 drivers/gpu/drm/i915/intel_fifo_underrun.h         |   27 +
 .../gpu/drm/i915/{intel_i2c.c => intel_gmbus.c}    |   33 +-
 drivers/gpu/drm/i915/intel_gmbus.h                 |   27 +
 drivers/gpu/drm/i915/intel_guc.c                   |   40 +-
 drivers/gpu/drm/i915/intel_guc.h                   |    2 +
 drivers/gpu/drm/i915/intel_guc_fw.c                |   20 +-
 drivers/gpu/drm/i915/intel_guc_submission.c        |   30 +-
 drivers/gpu/drm/i915/intel_guc_submission.h        |    3 +-
 drivers/gpu/drm/i915/intel_hdcp.c                  |   55 +-
 drivers/gpu/drm/i915/intel_hdcp.h                  |    1 +
 drivers/gpu/drm/i915/intel_hdmi.c                  |   30 +-
 drivers/gpu/drm/i915/intel_hotplug.c               |    1 +
 drivers/gpu/drm/i915/intel_hotplug.h               |   30 +
 drivers/gpu/drm/i915/intel_huc.c                   |   74 +-
 drivers/gpu/drm/i915/intel_huc.h                   |    6 +-
 drivers/gpu/drm/i915/intel_huc_fw.c                |   49 +-
 drivers/gpu/drm/i915/intel_lpe_audio.c             |    8 +-
 drivers/gpu/drm/i915/intel_lpe_audio.h             |   22 +
 drivers/gpu/drm/i915/intel_lvds.c                  |    2 +
 drivers/gpu/drm/i915/intel_overlay.c               |    9 +-
 drivers/gpu/drm/i915/intel_overlay.h               |   29 +
 drivers/gpu/drm/i915/intel_panel.c                 |    2 +
 drivers/gpu/drm/i915/intel_pipe_crc.c              |   14 +-
 drivers/gpu/drm/i915/intel_pipe_crc.h              |    3 +
 drivers/gpu/drm/i915/intel_pm.c                    |  393 ++------
 drivers/gpu/drm/i915/intel_pm.h                    |   10 +
 drivers/gpu/drm/i915/intel_quirks.c                |    1 +
 drivers/gpu/drm/i915/intel_quirks.h                |   13 +
 drivers/gpu/drm/i915/intel_runtime_pm.c            |  885 +++++++++++++++--
 drivers/gpu/drm/i915/intel_runtime_pm.h            |  140 +++
 drivers/gpu/drm/i915/intel_sdvo.c                  |    4 +
 drivers/gpu/drm/i915/intel_sideband.c              |  480 ++++++---
 drivers/gpu/drm/i915/intel_sideband.h              |  140 +++
 drivers/gpu/drm/i915/intel_sprite.c                |   34 +-
 drivers/gpu/drm/i915/intel_sprite.h                |   12 +-
 drivers/gpu/drm/i915/intel_tv.c                    |    1 +
 drivers/gpu/drm/i915/intel_uc.c                    |   48 +-
 drivers/gpu/drm/i915/intel_uc.h                    |    3 +-
 drivers/gpu/drm/i915/intel_uc_fw.c                 |  103 +-
 drivers/gpu/drm/i915/intel_uc_fw.h                 |   10 +-
 drivers/gpu/drm/i915/intel_uncore.c                |    8 +-
 drivers/gpu/drm/i915/intel_vdsc.c                  |    2 +
 drivers/gpu/drm/i915/intel_vdsc.h                  |   21 +
 drivers/gpu/drm/i915/intel_wakeref.c               |   75 ++
 drivers/gpu/drm/i915/intel_wakeref.h               |  133 +++
 drivers/gpu/drm/i915/selftests/huge_pages.c        |    3 +-
 drivers/gpu/drm/i915/selftests/i915_active.c       |    2 +-
 drivers/gpu/drm/i915/selftests/i915_gem.c          |   21 +-
 .../gpu/drm/i915/selftests/i915_gem_coherency.c    |    2 +-
 drivers/gpu/drm/i915/selftests/i915_gem_context.c  |  223 ++---
 drivers/gpu/drm/i915/selftests/i915_gem_evict.c    |    3 +-
 drivers/gpu/drm/i915/selftests/i915_gem_object.c   |   31 +-
 .../gpu/drm/i915/selftests/i915_live_selftests.h   |    1 +
 drivers/gpu/drm/i915/selftests/i915_request.c      |   13 +-
 drivers/gpu/drm/i915/selftests/i915_timeline.c     |    4 +-
 drivers/gpu/drm/i915/selftests/i915_vma.c          |  246 ++++-
 drivers/gpu/drm/i915/selftests/igt_flush_test.c    |   32 +-
 drivers/gpu/drm/i915/selftests/igt_gem_utils.c     |   34 +
 drivers/gpu/drm/i915/selftests/igt_gem_utils.h     |   17 +
 drivers/gpu/drm/i915/selftests/igt_reset.c         |    3 +-
 drivers/gpu/drm/i915/selftests/igt_spinner.c       |    3 +-
 drivers/gpu/drm/i915/selftests/igt_spinner.h       |    3 +-
 drivers/gpu/drm/i915/selftests/mock_context.c      |   15 +-
 drivers/gpu/drm/i915/selftests/mock_gem_device.c   |   37 +-
 drivers/gpu/drm/i915/selftests/mock_request.c      |    6 +-
 drivers/gpu/drm/i915/vlv_dsi.c                     |   34 +-
 drivers/gpu/drm/i915/vlv_dsi_pll.c                 |   18 +-
 drivers/misc/mei/hdcp/mei_hdcp.c                   |    2 +-
 include/drm/drm_connector.h                        |    8 -
 include/drm/drm_hdcp.h                             |   31 +-
 include/drm/drm_mode_config.h                      |    6 +
 include/drm/i915_pciids.h                          |    4 +-
 204 files changed, 8369 insertions(+), 4998 deletions(-)
 create mode 100644 drivers/gpu/drm/drm_hdcp.c
 create mode 100644 drivers/gpu/drm/i915/Kconfig.profile
 create mode 100644 drivers/gpu/drm/i915/gt/Makefile
 create mode 100644 drivers/gpu/drm/i915/gt/Makefile.header-test
 rename drivers/gpu/drm/i915/{ => gt}/intel_breadcrumbs.c (95%)
 create mode 100644 drivers/gpu/drm/i915/gt/intel_context.c
 create mode 100644 drivers/gpu/drm/i915/gt/intel_context.h
 rename drivers/gpu/drm/i915/{ => gt}/intel_context_types.h (83%)
 rename drivers/gpu/drm/i915/{intel_ringbuffer.h => gt/intel_engine.h} (90%)
 rename drivers/gpu/drm/i915/{ => gt}/intel_engine_cs.c (87%)
 create mode 100644 drivers/gpu/drm/i915/gt/intel_engine_pm.c
 create mode 100644 drivers/gpu/drm/i915/gt/intel_engine_pm.h
 rename drivers/gpu/drm/i915/{ => gt}/intel_engine_types.h (98%)
 rename drivers/gpu/drm/i915/{ => gt}/intel_gpu_commands.h (100%)
 create mode 100644 drivers/gpu/drm/i915/gt/intel_gt_pm.c
 create mode 100644 drivers/gpu/drm/i915/gt/intel_gt_pm.h
 rename drivers/gpu/drm/i915/{ => gt}/intel_hangcheck.c (94%)
 rename drivers/gpu/drm/i915/{ => gt}/intel_lrc.c (91%)
 rename drivers/gpu/drm/i915/{ => gt}/intel_lrc.h (93%)
 rename drivers/gpu/drm/i915/{ => gt}/intel_lrc_reg.h (100%)
 rename drivers/gpu/drm/i915/{ => gt}/intel_mocs.c (99%)
 rename drivers/gpu/drm/i915/{ => gt}/intel_mocs.h (97%)
 rename drivers/gpu/drm/i915/{i915_reset.c => gt/intel_reset.c} (94%)
 rename drivers/gpu/drm/i915/{i915_reset.h => gt/intel_reset.h} (95%)
 rename drivers/gpu/drm/i915/{ => gt}/intel_ringbuffer.c (94%)
 create mode 100644 drivers/gpu/drm/i915/gt/intel_sseu.c
 create mode 100644 drivers/gpu/drm/i915/gt/intel_sseu.h
 rename drivers/gpu/drm/i915/{ => gt}/intel_workarounds.c (91%)
 rename drivers/gpu/drm/i915/{ => gt}/intel_workarounds.h (79%)
 rename drivers/gpu/drm/i915/{ => gt}/intel_workarounds_types.h (88%)
 rename drivers/gpu/drm/i915/{selftests => gt}/mock_engine.c (88%)
 rename drivers/gpu/drm/i915/{selftests => gt}/mock_engine.h (95%)
 rename drivers/gpu/drm/i915/{selftests/intel_engine_cs.c => gt/selftest_engine_cs.c} (100%)
 rename drivers/gpu/drm/i915/{selftests/intel_hangcheck.c => gt/selftest_hangcheck.c} (97%)
 rename drivers/gpu/drm/i915/{selftests/intel_lrc.c => gt/selftest_lrc.c} (97%)
 rename drivers/gpu/drm/i915/{selftests/intel_workarounds.c => gt/selftest_workarounds.c} (69%)
 create mode 100644 drivers/gpu/drm/i915/i915_debugfs.h
 create mode 100644 drivers/gpu/drm/i915/i915_gem_pm.c
 create mode 100644 drivers/gpu/drm/i915/i915_gem_pm.h
 create mode 100644 drivers/gpu/drm/i915/i915_irq.h
 create mode 100644 drivers/gpu/drm/i915/intel_acpi.h
 create mode 100644 drivers/gpu/drm/i915/intel_atomic.h
 create mode 100644 drivers/gpu/drm/i915/intel_combo_phy.h
 delete mode 100644 drivers/gpu/drm/i915/intel_context.c
 delete mode 100644 drivers/gpu/drm/i915/intel_context.h
 create mode 100644 drivers/gpu/drm/i915/intel_dp_aux_backlight.h
 create mode 100644 drivers/gpu/drm/i915/intel_dp_link_training.h
 create mode 100644 drivers/gpu/drm/i915/intel_dp_mst.h
 create mode 100644 drivers/gpu/drm/i915/intel_dpio_phy.h
 create mode 100644 drivers/gpu/drm/i915/intel_dsi_dcs_backlight.h
 rename drivers/gpu/drm/i915/{dvo.h => intel_dvo_dev.h} (97%)
 create mode 100644 drivers/gpu/drm/i915/intel_fifo_underrun.h
 rename drivers/gpu/drm/i915/{intel_i2c.c => intel_gmbus.c} (97%)
 create mode 100644 drivers/gpu/drm/i915/intel_gmbus.h
 create mode 100644 drivers/gpu/drm/i915/intel_hotplug.h
 create mode 100644 drivers/gpu/drm/i915/intel_lpe_audio.h
 create mode 100644 drivers/gpu/drm/i915/intel_overlay.h
 create mode 100644 drivers/gpu/drm/i915/intel_quirks.h
 create mode 100644 drivers/gpu/drm/i915/intel_runtime_pm.h
 create mode 100644 drivers/gpu/drm/i915/intel_sideband.h
 create mode 100644 drivers/gpu/drm/i915/intel_vdsc.h
 create mode 100644 drivers/gpu/drm/i915/intel_wakeref.c
 create mode 100644 drivers/gpu/drm/i915/intel_wakeref.h
 create mode 100644 drivers/gpu/drm/i915/selftests/igt_gem_utils.c
 create mode 100644 drivers/gpu/drm/i915/selftests/igt_gem_utils.h
Merging drm-tegra/drm/tegra/for-next (61b51fb51c01 drm/tegra: gem: Fix CPU-cache maintenance for BO's allocated using get_pages())
$ git merge drm-tegra/drm/tegra/for-next
Already up to date.
Merging drm-misc/for-linux-next (201bd433bfa3 drm/bochs: fix ptr_ret.cocci warnings)
$ git merge drm-misc/for-linux-next
Auto-merging include/drm/drm_connector.h
Auto-merging drivers/gpu/drm/virtio/virtgpu_drv.h
Auto-merging drivers/gpu/drm/vboxvideo/vbox_mode.c
Auto-merging drivers/gpu/drm/vboxvideo/Kconfig
Auto-merging drivers/gpu/drm/sun4i/sun6i_mipi_dsi.c
Auto-merging drivers/gpu/drm/sun4i/sun4i_drv.c
Auto-merging drivers/gpu/drm/scheduler/sched_main.c
Auto-merging drivers/gpu/drm/nouveau/dispnv50/head.c
Auto-merging drivers/gpu/drm/msm/disp/dpu1/dpu_plane.c
Auto-merging drivers/gpu/drm/i915/intel_sprite.c
Auto-merging drivers/gpu/drm/i915/intel_display.c
Auto-merging drivers/gpu/drm/drm_internal.h
Auto-merging drivers/gpu/drm/amd/amdgpu/amdgpu_device.c
CONFLICT (content): Merge conflict in drivers/gpu/drm/amd/amdgpu/amdgpu_device.c
Auto-merging drivers/gpu/drm/Makefile
Auto-merging drivers/gpu/drm/Kconfig
Auto-merging MAINTAINERS
CONFLICT (modify/delete): Documentation/devicetree/bindings/vendor-prefixes.txt deleted in HEAD and modified in drm-misc/for-linux-next. Version drm-misc/for-linux-next of Documentation/devicetree/bindings/vendor-prefixes.txt left in tree.
Recorded preimage for 'drivers/gpu/drm/amd/amdgpu/amdgpu_device.c'
Automatic merge failed; fix conflicts and then commit the result.
$ git rm -f Documentation/devicetree/bindings/vendor-prefixes.txt
Documentation/devicetree/bindings/vendor-prefixes.txt: needs merge
rm 'Documentation/devicetree/bindings/vendor-prefixes.txt'
$ git commit -v -a
Recorded resolution for 'drivers/gpu/drm/amd/amdgpu/amdgpu_device.c'.
[master ba22a9720dcb] Merge remote-tracking branch 'drm-misc/for-linux-next'
$ git diff -M --stat --summary HEAD^..
 .../bindings/display/panel/edt,et-series.txt       |  16 +
 .../display/panel/evervision,vgg804821.txt         |  12 +
 .../bindings/display/panel/friendlyarm,hd702e.txt  |  32 +
 .../display/panel/osddisplays,osd101t2045-53ts.txt |  11 +
 .../display/panel/osddisplays,osd101t2587-53ts.txt |  14 +
 .../bindings/display/panel/samsung,s6e63m0.txt     |  33 +
 .../display/panel/tfc,s9700rtwv43tr-01b.txt        |  15 +
 .../bindings/display/panel/vl050_8048nt_c01.txt    |  12 +
 .../devicetree/bindings/display/st,stm32-ltdc.txt  |   3 +
 Documentation/gpu/drm-mm.rst                       |  34 +-
 Documentation/gpu/drm-uapi.rst                     |  10 +-
 Documentation/gpu/todo.rst                         |  27 +-
 MAINTAINERS                                        |   1 +
 drivers/dma-buf/dma-buf.c                          |  12 +-
 drivers/dma-buf/sync_debug.c                       |  26 -
 drivers/dma-buf/sync_debug.h                       |   1 -
 drivers/gpu/drm/Kconfig                            |   7 +
 drivers/gpu/drm/Makefile                           |   5 +
 drivers/gpu/drm/amd/amdgpu/amdgpu_device.c         | 145 ++--
 drivers/gpu/drm/amd/amdgpu/amdgpu_fb.c             |   4 +-
 drivers/gpu/drm/arm/malidp_crtc.c                  |  28 +-
 drivers/gpu/drm/arm/malidp_hw.c                    |   3 +-
 drivers/gpu/drm/arm/malidp_mw.c                    |   2 +-
 drivers/gpu/drm/arm/malidp_planes.c                |   8 +-
 drivers/gpu/drm/armada/armada_fb.c                 |   3 +-
 drivers/gpu/drm/ast/Kconfig                        |   3 +-
 drivers/gpu/drm/ast/ast_drv.c                      |  13 +-
 drivers/gpu/drm/ast/ast_drv.h                      |  71 +-
 drivers/gpu/drm/ast/ast_fb.c                       |  34 +-
 drivers/gpu/drm/ast/ast_main.c                     |  77 +-
 drivers/gpu/drm/ast/ast_mode.c                     | 122 +--
 drivers/gpu/drm/ast/ast_ttm.c                      | 302 +-------
 drivers/gpu/drm/atmel-hlcdc/atmel_hlcdc_plane.c    |   9 +-
 drivers/gpu/drm/bochs/Kconfig                      |   2 +-
 drivers/gpu/drm/bochs/bochs.h                      |  54 +-
 drivers/gpu/drm/bochs/bochs_drv.c                  |  22 +-
 drivers/gpu/drm/bochs/bochs_kms.c                  |  18 +-
 drivers/gpu/drm/bochs/bochs_mm.c                   | 427 +----------
 drivers/gpu/drm/bridge/panel.c                     |   3 +-
 drivers/gpu/drm/drm_atomic_helper.c                |   2 +-
 drivers/gpu/drm/drm_atomic_state_helper.c          |  36 +-
 drivers/gpu/drm/drm_auth.c                         |  20 +
 drivers/gpu/drm/drm_client.c                       |   3 +-
 drivers/gpu/drm/drm_dp_aux_dev.c                   |   8 +-
 drivers/gpu/drm/drm_dp_dual_mode_helper.c          |   4 +-
 drivers/gpu/drm/drm_dp_helper.c                    |  12 +-
 drivers/gpu/drm/drm_dp_mst_topology.c              |  13 +-
 drivers/gpu/drm/drm_edid.c                         |  11 +-
 drivers/gpu/drm/drm_edid_load.c                    |   7 +-
 drivers/gpu/drm/drm_fb_helper.c                    | 246 ++++---
 drivers/gpu/drm/drm_file.c                         | 122 ++-
 drivers/gpu/drm/drm_format_helper.c                |   4 +-
 drivers/gpu/drm/drm_fourcc.c                       | 118 ---
 drivers/gpu/drm/drm_gem_vram_helper.c              | 818 +++++++++++++++++++++
 drivers/gpu/drm/drm_internal.h                     |   2 +
 drivers/gpu/drm/drm_legacy.h                       |   2 +
 drivers/gpu/drm/drm_legacy_misc.c                  |  20 +
 drivers/gpu/drm/drm_vram_helper_common.c           |  98 +++
 drivers/gpu/drm/drm_vram_mm_helper.c               | 295 ++++++++
 drivers/gpu/drm/etnaviv/etnaviv_dump.c             |   5 -
 drivers/gpu/drm/etnaviv/etnaviv_sched.c            |   2 +-
 drivers/gpu/drm/gma500/framebuffer.c               |   2 +-
 drivers/gpu/drm/hisilicon/hibmc/Kconfig            |   2 +-
 drivers/gpu/drm/hisilicon/hibmc/hibmc_drm_de.c     |  19 +-
 drivers/gpu/drm/hisilicon/hibmc/hibmc_drm_drv.c    |  14 +-
 drivers/gpu/drm/hisilicon/hibmc/hibmc_drm_drv.h    |  33 +-
 drivers/gpu/drm/hisilicon/hibmc/hibmc_drm_fbdev.c  |  37 +-
 drivers/gpu/drm/hisilicon/hibmc/hibmc_ttm.c        | 341 +--------
 drivers/gpu/drm/i915/intel_display.c               |   5 +-
 drivers/gpu/drm/i915/intel_sprite.c                |   3 +-
 drivers/gpu/drm/imx/ipuv3-plane.c                  |  15 +-
 drivers/gpu/drm/lima/lima_pp.c                     |   8 +-
 drivers/gpu/drm/lima/lima_sched.c                  |   2 +-
 drivers/gpu/drm/mediatek/mtk_drm_fb.c              |   8 +-
 drivers/gpu/drm/meson/meson_overlay.c              |  14 +-
 drivers/gpu/drm/mgag200/Kconfig                    |   2 +-
 drivers/gpu/drm/mgag200/mgag200_cursor.c           |  90 ++-
 drivers/gpu/drm/mgag200/mgag200_drv.c              |  13 +-
 drivers/gpu/drm/mgag200/mgag200_drv.h              |  74 +-
 drivers/gpu/drm/mgag200/mgag200_fb.c               |  34 +-
 drivers/gpu/drm/mgag200/mgag200_main.c             |  87 +--
 drivers/gpu/drm/mgag200/mgag200_mode.c             |  48 +-
 drivers/gpu/drm/mgag200/mgag200_ttm.c              | 301 +-------
 drivers/gpu/drm/msm/disp/dpu1/dpu_crtc.c           |   6 +-
 drivers/gpu/drm/msm/disp/dpu1/dpu_formats.c        |   9 +-
 drivers/gpu/drm/msm/disp/dpu1/dpu_plane.c          |   9 +-
 drivers/gpu/drm/msm/disp/mdp5/mdp5_crtc.c          |  31 +-
 drivers/gpu/drm/msm/disp/mdp5/mdp5_plane.c         |  24 +-
 drivers/gpu/drm/msm/disp/mdp5/mdp5_smp.c           |   7 +-
 drivers/gpu/drm/msm/msm_fb.c                       |  18 +-
 drivers/gpu/drm/nouveau/dispnv50/head.c            |  13 +-
 drivers/gpu/drm/nouveau/nvkm/subdev/bus/nv04.c     |   2 -
 drivers/gpu/drm/omapdrm/omap_fb.c                  |   6 +-
 drivers/gpu/drm/panel/Kconfig                      |  18 +
 drivers/gpu/drm/panel/Makefile                     |   2 +
 drivers/gpu/drm/panel/panel-osd-osd101t2587-53ts.c | 254 +++++++
 .../gpu/drm/panel/panel-raspberrypi-touchscreen.c  |   1 -
 drivers/gpu/drm/panel/panel-samsung-s6e63m0.c      | 514 +++++++++++++
 drivers/gpu/drm/panel/panel-simple.c               | 212 +++++-
 drivers/gpu/drm/panfrost/panfrost_job.c            |   2 +-
 drivers/gpu/drm/radeon/radeon_fb.c                 |   4 +-
 drivers/gpu/drm/rockchip/rockchip_drm_fb.c         |  17 +-
 drivers/gpu/drm/rockchip/rockchip_drm_vop.c        |  39 +-
 drivers/gpu/drm/scheduler/sched_main.c             | 173 +++--
 drivers/gpu/drm/stm/dw_mipi_dsi-stm.c              |  60 +-
 drivers/gpu/drm/stm/ltdc.c                         |  67 +-
 drivers/gpu/drm/sun4i/sun4i_drv.c                  |  16 +-
 drivers/gpu/drm/sun4i/sun6i_mipi_dsi.c             |   1 +
 drivers/gpu/drm/tegra/dc.c                         |  17 +-
 drivers/gpu/drm/tegra/fb.c                         |  14 +-
 drivers/gpu/drm/v3d/v3d_debugfs.c                  |  35 +-
 drivers/gpu/drm/v3d/v3d_drv.c                      |  17 +-
 drivers/gpu/drm/v3d/v3d_drv.h                      | 106 ++-
 drivers/gpu/drm/v3d/v3d_fence.c                    |   2 +
 drivers/gpu/drm/v3d/v3d_gem.c                      | 552 +++++++++-----
 drivers/gpu/drm/v3d/v3d_irq.c                      |  55 +-
 drivers/gpu/drm/v3d/v3d_mmu.c                      |   7 +-
 drivers/gpu/drm/v3d/v3d_regs.h                     | 122 ++-
 drivers/gpu/drm/v3d/v3d_sched.c                    | 382 ++++++----
 drivers/gpu/drm/v3d/v3d_trace.h                    |  94 +++
 drivers/gpu/drm/vboxvideo/Kconfig                  |   2 +-
 drivers/gpu/drm/vboxvideo/vbox_drv.c               |  12 +-
 drivers/gpu/drm/vboxvideo/vbox_drv.h               |  75 +-
 drivers/gpu/drm/vboxvideo/vbox_fb.c                |  22 +-
 drivers/gpu/drm/vboxvideo/vbox_main.c              |  75 +-
 drivers/gpu/drm/vboxvideo/vbox_mode.c              |  36 +-
 drivers/gpu/drm/vboxvideo/vbox_ttm.c               | 355 +--------
 drivers/gpu/drm/vc4/vc4_plane.c                    |  15 +-
 drivers/gpu/drm/virtio/Makefile                    |   2 +-
 drivers/gpu/drm/virtio/virtgpu_drv.h               |   3 +-
 drivers/gpu/drm/virtio/virtgpu_fence.c             |  25 +-
 drivers/gpu/drm/virtio/virtgpu_trace.h             |  52 ++
 drivers/gpu/drm/virtio/virtgpu_trace_points.c      |   5 +
 drivers/gpu/drm/virtio/virtgpu_vq.c                |  10 +
 drivers/gpu/drm/vkms/vkms_crtc.c                   |  33 +-
 drivers/gpu/drm/zte/zx_plane.c                     |   6 +-
 include/drm/drm_atomic_state_helper.h              |   2 +
 include/drm/drm_connector.h                        |   4 +
 include/drm/drm_device.h                           |   4 +
 include/drm/drm_fb_helper.h                        |  10 -
 include/drm/drm_fourcc.h                           |  50 +-
 include/drm/drm_gem_vram_helper.h                  | 163 ++++
 include/drm/drm_vram_mm_helper.h                   | 102 +++
 include/drm/gpu_scheduler.h                        |   8 +-
 include/linux/dma-buf.h                            |  34 +-
 include/uapi/drm/drm.h                             |   1 +
 include/uapi/drm/v3d_drm.h                         |  28 +
 147 files changed, 4975 insertions(+), 3688 deletions(-)
 create mode 100644 Documentation/devicetree/bindings/display/panel/evervision,vgg804821.txt
 create mode 100644 Documentation/devicetree/bindings/display/panel/friendlyarm,hd702e.txt
 create mode 100644 Documentation/devicetree/bindings/display/panel/osddisplays,osd101t2045-53ts.txt
 create mode 100644 Documentation/devicetree/bindings/display/panel/osddisplays,osd101t2587-53ts.txt
 create mode 100644 Documentation/devicetree/bindings/display/panel/samsung,s6e63m0.txt
 create mode 100644 Documentation/devicetree/bindings/display/panel/tfc,s9700rtwv43tr-01b.txt
 create mode 100644 Documentation/devicetree/bindings/display/panel/vl050_8048nt_c01.txt
 create mode 100644 drivers/gpu/drm/drm_gem_vram_helper.c
 create mode 100644 drivers/gpu/drm/drm_vram_helper_common.c
 create mode 100644 drivers/gpu/drm/drm_vram_mm_helper.c
 create mode 100644 drivers/gpu/drm/panel/panel-osd-osd101t2587-53ts.c
 create mode 100644 drivers/gpu/drm/panel/panel-samsung-s6e63m0.c
 create mode 100644 drivers/gpu/drm/virtio/virtgpu_trace.h
 create mode 100644 drivers/gpu/drm/virtio/virtgpu_trace_points.c
 create mode 100644 include/drm/drm_gem_vram_helper.h
 create mode 100644 include/drm/drm_vram_mm_helper.h
$ git am -3 ../patches/0001-dt-bindings-fix-up-for-vendor-prefixes-file-conversi.patch
Applying: dt-bindings: fix up for vendor prefixes file conversion
$ git reset HEAD^
Unstaged changes after reset:
M	Documentation/devicetree/bindings/vendor-prefixes.yaml
$ git add -A .
$ git commit -v -a --amend
[master 179f993723b2] Merge remote-tracking branch 'drm-misc/for-linux-next'
 Date: Tue May 21 10:48:11 2019 +1000
Merging drm-msm/msm-next (b02872df58ac drm/msm/a6xx: Don't enable GPU state code if dependencies are missing)
$ git merge drm-msm/msm-next
Already up to date.
Merging hdlcd/for-upstream/hdlcd (d664b851eb2b drm/arm/hdlcd: Reject atomic commits that disable only the plane)
$ git merge hdlcd/for-upstream/hdlcd
Already up to date.
Merging mali-dp/for-upstream/mali-dp (15e9122d9b5c drm/komeda: Mark the local functions as static)
$ git merge mali-dp/for-upstream/mali-dp
Already up to date.
Merging imx-drm/imx-drm/next (5d5fe9970c76 drm/imx: enable IDMAC watermark feature)
$ git merge imx-drm/imx-drm/next
Auto-merging drivers/gpu/drm/imx/ipuv3-plane.c
Auto-merging drivers/gpu/drm/imx/ipuv3-crtc.c
Merge made by the 'recursive' strategy.
 drivers/gpu/drm/imx/ipuv3-plane.c | 1 +
 1 file changed, 1 insertion(+)
Merging etnaviv/etnaviv/next (2b76f5be7c27 drm/etnaviv: initialize idle mask before querying the HW db)
$ git merge etnaviv/etnaviv/next
Already up to date.
Merging regmap/for-next (a136e5257f67 Merge branch 'regmap-5.2' into regmap-next)
$ git merge regmap/for-next
Already up to date!
Merge made by the 'recursive' strategy.
Merging sound/for-next (c4580f209715 ALSA: dice: add stream format parameters for PreSonus FireStudio)
$ git merge sound/for-next
Merge made by the 'recursive' strategy.
 sound/firewire/dice/Makefile        |  2 +-
 sound/firewire/dice/dice-presonus.c | 62 +++++++++++++++++++++++++++++++++++++
 sound/firewire/dice/dice.c          |  9 ++++++
 sound/firewire/dice/dice.h          |  1 +
 4 files changed, 73 insertions(+), 1 deletion(-)
 create mode 100644 sound/firewire/dice/dice-presonus.c
Merging sound-asoc/for-next (d0723c9d845f Merge branch 'asoc-5.2' into asoc-next)
$ git merge sound-asoc/for-next
Merge made by the 'recursive' strategy.
 sound/soc/codecs/ak4458.c  | 18 +++++++++++-------
 sound/soc/codecs/cs4265.c  |  2 +-
 sound/soc/codecs/cs42xx8.c |  1 +
 sound/soc/fsl/fsl_asrc.c   |  4 ++--
 sound/soc/soc-pcm.c        |  3 ++-
 sound/soc/sof/Kconfig      |  8 ++++++--
 sound/soc/sof/ipc.c        |  2 +-
 sound/soc/sof/loader.c     |  2 ++
 8 files changed, 26 insertions(+), 14 deletions(-)
Merging modules/modules-next (dadec066d8fa module: add stubs for within_module functions)
$ git merge modules/modules-next
Already up to date.
Merging input/next (b283d0c353de Input: eeti_ts -  read hardware state once after wakeup)
$ git merge input/next
Merge made by the 'recursive' strategy.
 drivers/input/touchscreen/eeti_ts.c | 71 +++++++++++++++++++++++++++++--------
 1 file changed, 56 insertions(+), 15 deletions(-)
Merging block/for-next (e35d0b782065 Merge branch 'for-5.2/block-post' into for-next)
$ git merge block/for-next
Already up to date!
Merge made by the 'recursive' strategy.
Merging device-mapper/for-next (8454fca4f53b dm: fix a couple brace coding style issues)
$ git merge device-mapper/for-next
Already up to date.
Merging pcmcia/pcmcia-next (95691e3eddc4 pcmcia: Implement CLKRUN protocol disabling for Ricoh bridges)
$ git merge pcmcia/pcmcia-next
Already up to date.
Merging mmc/next (0a49a619e7e1 mmc: sdhci-pci: Fix BYT OCP setting)
$ git merge mmc/next
Already up to date.
Merging kgdb/kgdb-next (3bd67b37e350 kdb: print real address of pointers instead of hashed addresses)
$ git merge kgdb/kgdb-next
Auto-merging kernel/debug/kdb/kdb_support.c
Auto-merging kernel/debug/kdb/kdb_main.c
Auto-merging kernel/debug/kdb/kdb_bt.c
CONFLICT (content): Merge conflict in kernel/debug/kdb/kdb_bt.c
Resolved 'kernel/debug/kdb/kdb_bt.c' using previous resolution.
Automatic merge failed; fix conflicts and then commit the result.
$ git commit -v -a
[master 9bb1320848ca] Merge remote-tracking branch 'kgdb/kgdb-next'
$ git diff -M --stat --summary HEAD^..
Merging md/for-next (e820d55cb99d md: fix raid10 hang issue caused by barrier)
$ git merge md/for-next
Already up to date.
Merging mfd/for-mfd-next (ed835136ee67 mfd: Use dev_get_drvdata() directly)
$ git merge mfd/for-mfd-next
Already up to date.
Merging backlight/for-backlight-next (53fa0f87177d backlight: lm3630a: Add firmware node support)
$ git merge backlight/for-backlight-next
Auto-merging drivers/video/backlight/Kconfig
Merge made by the 'recursive' strategy.
Merging battery/for-next (a188339ca5a3 Linux 5.2-rc1)
$ git merge battery/for-next
Already up to date.
Merging regulator/for-next (16f26207b3b1 Merge branch 'regulator-5.2' into regulator-next)
$ git merge regulator/for-next
Merge made by the 'recursive' strategy.
 drivers/regulator/tps6507x-regulator.c | 6 +++---
 1 file changed, 3 insertions(+), 3 deletions(-)
Merging security/next-testing (5664f5faac11 Merge branch 'next-smack' into next-testing)
$ git merge security/next-testing
Auto-merging security/keys/trusted.c
Merge made by the 'recursive' strategy.
Merging apparmor/apparmor-next (06c13f554a71 apparmor: re-introduce a variant of PROFILE_MEDIATES_SAFE)
$ git merge apparmor/apparmor-next
Auto-merging security/apparmor/apparmorfs.c
Merge made by the 'recursive' strategy.
 security/apparmor/Kconfig                 |   2 +
 security/apparmor/apparmorfs.c            | 132 ++++++++++++++++++++++++++++--
 security/apparmor/include/apparmor.h      |   1 +
 security/apparmor/include/policy.h        |   8 ++
 security/apparmor/include/policy_unpack.h |   8 +-
 security/apparmor/lsm.c                   |  47 +++++++++++
 security/apparmor/policy.c                |   5 +-
 security/apparmor/policy_unpack.c         | 116 +++++++++++++++++++++++++-
 8 files changed, 305 insertions(+), 14 deletions(-)
Merging integrity/next-integrity (5d99fe052ddd x86/ima: check EFI SetupMode too)
$ git merge integrity/next-integrity
Merge made by the 'recursive' strategy.
 arch/x86/kernel/ima_arch.c          | 17 +++++++++++++++--
 security/integrity/ima/ima_policy.c |  7 ++++---
 2 files changed, 19 insertions(+), 5 deletions(-)
Merging selinux/next (a188339ca5a3 Linux 5.2-rc1)
$ git merge selinux/next
Already up to date.
Merging tpmdd/next (ff89e2f4b34d tpm: Actually fail on TPM errors during "get random")
$ git merge tpmdd/next
Auto-merging security/keys/trusted.c
Merge made by the 'recursive' strategy.
 drivers/char/tpm/tpm1-cmd.c | 7 +++++--
 drivers/char/tpm/tpm2-cmd.c | 7 +++++--
 2 files changed, 10 insertions(+), 4 deletions(-)
Merging watchdog/master (a9f0bda567e3 watchdog: Enforce that at least one pretimeout governor is enabled)
$ git merge watchdog/master
Already up to date.
Merging iommu/next (b5531563e8a0 Merge branches 'arm/tegra', 'arm/mediatek', 'arm/smmu', 'x86/vt-d', 'x86/amd' and 'core' into next)
$ git merge iommu/next
Already up to date.
Merging vfio/next (15c80c1659f2 vfio: Add Cornelia Huck as reviewer)
$ git merge vfio/next
Already up to date.
Merging audit/next (a188339ca5a3 Linux 5.2-rc1)
$ git merge audit/next
Already up to date.
Merging devicetree/for-next (2a656cb5a4a3 of: unittest: Remove error printing on OOM)
$ git merge devicetree/for-next
Already up to date.
Merging mailbox/mailbox-for-next (8fbbfd966efa mailbox: Add support for Armada 37xx rWTM mailbox)
$ git merge mailbox/mailbox-for-next
Already up to date.
Merging spi/for-next (aa459d194583 Merge remote-tracking branch 'spi/topic/bpw-check' into spi-next)
$ git merge spi/for-next
Merge made by the 'recursive' strategy.
 drivers/spi/spi-bitbang.c |  2 +-
 drivers/spi/spi.c         |  4 ++--
 include/linux/spi/spi.h   | 20 ++++++++++++++++++++
 3 files changed, 23 insertions(+), 3 deletions(-)
Merging tip/auto-latest (9883872cc373 Merge branch 'core/urgent')
$ git merge tip/auto-latest
Merge made by the 'recursive' strategy.
 arch/x86/include/asm/apic.h    |  2 +-
 arch/x86/kernel/apic/apic.c    | 20 +++++++--------
 arch/x86/kernel/cpu/mshyperv.c |  4 +--
 arch/x86/kernel/cpu/vmware.c   |  2 +-
 arch/x86/kernel/jailhouse.c    |  2 +-
 arch/x86/kernel/tsc.c          | 57 +++++++++++++++++++++++++++---------------
 arch/x86/kernel/tsc_msr.c      |  4 +--
 7 files changed, 54 insertions(+), 37 deletions(-)
Merging clockevents/clockevents/next (8c9374068ef6 misc: atmel_tclib: Do not probe already used TCBs)
$ git merge clockevents/clockevents/next
Already up to date.
Merging edac-amd/for-next (8de9930a4618 Revert "EDAC/amd64: Support more than two controllers for chip select handling")
$ git merge edac-amd/for-next
Already up to date.
Merging irqchip/irq/irqchip-next (16e32c3cde77 iommu/dma-iommu: Remove iommu_dma_map_msi_msg())
$ git merge irqchip/irq/irqchip-next
Already up to date.
Merging ftrace/for-next (693713cbdb3a x86: Hide the int3_emulate_call/jmp functions from UML)
$ git merge ftrace/for-next
Already up to date.
Merging rcu/rcu/next (91df49e187c1 Merge LKMM and RCU commits)
$ git merge rcu/rcu/next
Already up to date.
Merging kvm/linux-next (94830f188a80 Merge tag 'kvm-s390-master-5.2-1' of git://git.kernel.org/pub/scm/linux/kernel/git/kvms390/linux into HEAD)
$ git merge kvm/linux-next
Already up to date.
Merging kvm-arm/next (9eecfc22e0bf KVM: arm64: Fix ptrauth ID register masking logic)
$ git merge kvm-arm/next
Already up to date.
Merging kvm-ppc/kvm-ppc-next (4894fbcce856 KVM: PPC: Book3S: Remove useless checks in 'release' method of KVM device)
$ git merge kvm-ppc/kvm-ppc-next
Already up to date.
Merging kvms390/next (6e9b622d1c36 KVM: s390: change default halt poll time to 50us)
$ git merge kvms390/next
Already up to date.
Merging xen-tip/linux-next (fe846979d305 xen/arm: Use p2m entry with lock protection)
$ git merge xen-tip/linux-next
Already up to date.
Merging percpu/for-next (558ac86039fc Merge branch 'for-5.3' into for-next)
$ git merge percpu/for-next
Auto-merging lib/percpu-refcount.c
Auto-merging fs/io_uring.c
Auto-merging drivers/md/md.c
Merge made by the 'recursive' strategy.
 drivers/md/md.c                 |  3 ++-
 fs/io_uring.c                   |  3 ++-
 include/linux/percpu-refcount.h | 10 +++++++++-
 lib/percpu-refcount.c           | 13 +++++++++++--
 4 files changed, 24 insertions(+), 5 deletions(-)
Merging workqueues/for-next (24acfb718225 workqueue: Use normal rcu)
$ git merge workqueues/for-next
Already up to date.
Merging drivers-x86/for-next (a188339ca5a3 Linux 5.2-rc1)
$ git merge drivers-x86/for-next
Already up to date.
Merging chrome-platform/for-next (7dadf88f8d4e platform/chrome: cros_ec_spi: Move to real time priority for transfers)
$ git merge chrome-platform/for-next
Merge made by the 'recursive' strategy.
 Documentation/ABI/testing/debugfs-wilco-ec        |  16 +-
 Documentation/ABI/testing/sysfs-platform-wilco-ec |   9 +
 drivers/platform/chrome/Kconfig                   |  13 +
 drivers/platform/chrome/Makefile                  |   1 +
 drivers/platform/chrome/cros_ec_ishtp.c           | 763 ++++++++++++++++++++++
 drivers/platform/chrome/cros_ec_spi.c             |  67 +-
 drivers/platform/chrome/wilco_ec/Makefile         |   2 +-
 drivers/platform/chrome/wilco_ec/core.c           |  13 +-
 drivers/platform/chrome/wilco_ec/debugfs.c        |  10 +-
 drivers/platform/chrome/wilco_ec/mailbox.c        |  21 +-
 drivers/platform/chrome/wilco_ec/properties.c     | 132 ++++
 drivers/platform/chrome/wilco_ec/sysfs.c          |  77 +++
 include/linux/platform_data/wilco-ec.h            |  92 ++-
 13 files changed, 1159 insertions(+), 57 deletions(-)
 create mode 100644 Documentation/ABI/testing/sysfs-platform-wilco-ec
 create mode 100644 drivers/platform/chrome/cros_ec_ishtp.c
 create mode 100644 drivers/platform/chrome/wilco_ec/properties.c
 create mode 100644 drivers/platform/chrome/wilco_ec/sysfs.c
Merging hsi/for-next (a188339ca5a3 Linux 5.2-rc1)
$ git merge hsi/for-next
Already up to date.
Merging leds/for-next (facb98c889f9 leds: spi-byte: add single byte SPI LED driver)
$ git merge leds/for-next
Merge made by the 'recursive' strategy.
 .../devicetree/bindings/leds/leds-spi-byte.txt     |  44 ++++++
 drivers/leds/Kconfig                               |  10 ++
 drivers/leds/Makefile                              |   1 +
 drivers/leds/leds-spi-byte.c                       | 161 +++++++++++++++++++++
 4 files changed, 216 insertions(+)
 create mode 100644 Documentation/devicetree/bindings/leds/leds-spi-byte.txt
 create mode 100644 drivers/leds/leds-spi-byte.c
Merging ipmi/for-next (dd7450cab711 ipmi_si: use bool type for initialized variable)
$ git merge ipmi/for-next
Merge made by the 'recursive' strategy.
 drivers/char/ipmi/ipmi_si_intf.c     | 4 ++--
 drivers/char/ipmi/ipmi_si_platform.c | 6 +++++-
 2 files changed, 7 insertions(+), 3 deletions(-)
Merging driver-core/driver-core-next (a188339ca5a3 Linux 5.2-rc1)
$ git merge driver-core/driver-core-next
Already up to date.
Merging usb/usb-next (a188339ca5a3 Linux 5.2-rc1)
$ git merge usb/usb-next
Already up to date.
Merging usb-gadget/next (2e487d280525 usb: dwc3: Rename DWC3_DCTL_LPM_ERRATA)
$ git merge usb-gadget/next
Already up to date.
Merging usb-serial/usb-next (a188339ca5a3 Linux 5.2-rc1)
$ git merge usb-serial/usb-next
Already up to date.
Merging usb-chipidea-next/ci-for-usb-next (bc65fae4b1f0 usb: chipidea: imx: set power polarity)
$ git merge usb-chipidea-next/ci-for-usb-next
Auto-merging drivers/usb/chipidea/ci_hdrc_imx.c
Merge made by the 'recursive' strategy.
Merging phy-next/next (708310711e6c dt-bindings: phy-qcom-qmp: Tweak qcom,msm8998-qmp-ufs-phy)
$ git merge phy-next/next
Already up to date.
Merging tty/tty-next (a188339ca5a3 Linux 5.2-rc1)
$ git merge tty/tty-next
Already up to date.
Merging char-misc/char-misc-next (a188339ca5a3 Linux 5.2-rc1)
$ git merge char-misc/char-misc-next
Already up to date.
Merging extcon/extcon-next (00053de52231 extcon: arizona: Disable mic detect if running when driver is removed)
$ git merge extcon/extcon-next
Already up to date.
Merging soundwire/next (a188339ca5a3 Linux 5.2-rc1)
$ git merge soundwire/next
Already up to date.
Merging thunderbolt/next (37209783c73a thunderbolt: Make priority unsigned in struct tb_path)
$ git merge thunderbolt/next
Already up to date.
Merging staging/staging-next (e23fa431e77d Staging: mt7621-dma: Remove braces around single if statement)
$ git merge staging/staging-next
Auto-merging drivers/staging/vc04_services/interface/vchiq_arm/vchiq_2835_arm.c
Auto-merging drivers/staging/vc04_services/bcm2835-camera/controls.c
Removing drivers/staging/kpc2000/kpc_i2c/fileops.c
Auto-merging drivers/staging/kpc2000/kpc_dma/fileops.c
Removing drivers/staging/kpc2000/kpc2000/kp2000_module.c
Auto-merging drivers/iio/dac/ds4424.c
Auto-merging MAINTAINERS
Removing Documentation/devicetree/bindings/iio/light/tsl2772.txt
Removing Documentation/devicetree/bindings/iio/light/tsl2583.txt
Removing Documentation/devicetree/bindings/iio/light/isl29018.txt
Removing Documentation/devicetree/bindings/iio/accel/adxl345.txt
Merge made by the 'recursive' strategy.
 Documentation/ABI/testing/sysfs-bus-iio-cros-ec    |   10 +-
 .../devicetree/bindings/iio/accel/adi,adxl345.yaml |   72 ++
 .../devicetree/bindings/iio/accel/adxl345.txt      |   39 -
 .../devicetree/bindings/iio/adc/mt6577_auxadc.txt  |    2 +
 .../devicetree/bindings/iio/light/isl29018.txt     |   27 -
 .../devicetree/bindings/iio/light/isl29018.yaml    |   56 ++
 .../devicetree/bindings/iio/light/tsl2583.txt      |   25 -
 .../devicetree/bindings/iio/light/tsl2583.yaml     |   46 +
 .../devicetree/bindings/iio/light/tsl2772.txt      |   42 -
 .../devicetree/bindings/iio/light/tsl2772.yaml     |   83 ++
 MAINTAINERS                                        |    1 +
 drivers/iio/accel/adxl372_spi.c                    |    9 +
 drivers/iio/accel/kxsd9-spi.c                      |    9 +
 drivers/iio/adc/at91-sama5d2_adc.c                 |   12 +-
 drivers/iio/adc/at91_adc.c                         |    4 +-
 drivers/iio/adc/mt6577_auxadc.c                    |   54 +-
 drivers/iio/adc/rcar-gyroadc.c                     |    4 +-
 drivers/iio/adc/stm32-dfsdm-adc.c                  |    6 +
 drivers/iio/adc/stm32-dfsdm-core.c                 |    8 +-
 drivers/iio/adc/stmpe-adc.c                        |   40 +-
 drivers/iio/adc/sun4i-gpadc-iio.c                  |    5 +-
 .../common/cros_ec_sensors/cros_ec_sensors_core.c  |   14 +
 drivers/iio/dac/ad5758.c                           |   18 +-
 drivers/iio/dac/ds4424.c                           |    6 -
 drivers/iio/frequency/ad9523.c                     |    8 +-
 drivers/iio/temperature/maxim_thermocouple.c       |   10 +
 drivers/staging/erofs/Makefile                     |    2 +-
 drivers/staging/erofs/unzip_pagevec.h              |    5 +-
 drivers/staging/fieldbus/dev_core.c                |    6 +-
 drivers/staging/fsl-dpaa2/Kconfig                  |    8 +-
 drivers/staging/iio/adc/Kconfig                    |    3 +
 drivers/staging/iio/addac/adt7316.c                |    2 +-
 drivers/staging/kpc2000/TODO                       |    2 -
 drivers/staging/kpc2000/kpc2000/Makefile           |    2 +-
 drivers/staging/kpc2000/kpc2000/cell_probe.c       |  132 +--
 drivers/staging/kpc2000/kpc2000/core.c             |  152 +--
 drivers/staging/kpc2000/kpc2000/fileops.c          |   10 +-
 drivers/staging/kpc2000/kpc2000/kp2000_module.c    |   54 -
 drivers/staging/kpc2000/kpc2000/pcie.h             |   26 +-
 drivers/staging/kpc2000/kpc2000/uapi.h             |   22 +-
 drivers/staging/kpc2000/kpc_dma/dma.c              |  138 +--
 drivers/staging/kpc2000/kpc_dma/fileops.c          |  217 ++--
 drivers/staging/kpc2000/kpc_dma/kpc_dma_driver.c   |  119 +--
 drivers/staging/kpc2000/kpc_dma/kpc_dma_driver.h   |   32 +-
 drivers/staging/kpc2000/kpc_i2c/Makefile           |    2 +-
 drivers/staging/kpc2000/kpc_i2c/fileops.c          |  181 ----
 drivers/staging/kpc2000/kpc_i2c/i2c_driver.c       | 1043 ++++++++++----------
 drivers/staging/most/Kconfig                       |    2 +-
 drivers/staging/mt7621-dma/mtk-hsdma.c             |    3 +-
 drivers/staging/rtl8188eu/Kconfig                  |    4 +-
 drivers/staging/rtl8188eu/os_dep/mlme_linux.c      |    8 +-
 drivers/staging/rtl8192e/rtl8192e/rtl_dm.c         |    4 +-
 .../staging/rtl8192u/ieee80211/ieee80211_module.c  |    2 +-
 drivers/staging/rtl8192u/ieee80211/ieee80211_rx.c  |   33 +-
 .../staging/rtl8192u/ieee80211/ieee80211_softmac.c |   12 +-
 drivers/staging/rtl8192u/ieee80211/ieee80211_tx.c  |   58 +-
 drivers/staging/rtl8192u/ieee80211/ieee80211_wx.c  |   36 +-
 drivers/staging/rtl8712/rtl8712_xmit.c             |    2 +-
 drivers/staging/rtl8712/rtl871x_recv.c             |   14 +-
 drivers/staging/rtl8712/rtl871x_security.c         |    4 +-
 drivers/staging/rtl8712/rtl871x_xmit.c             |   12 +-
 drivers/staging/rtl8712/wifi.h                     |   11 -
 drivers/staging/rtl8723bs/Kconfig                  |    2 +-
 drivers/staging/rtl8723bs/core/rtw_ap.c            |    8 +-
 drivers/staging/rtl8723bs/core/rtw_cmd.c           |    2 +-
 drivers/staging/rtl8723bs/core/rtw_ioctl_set.c     |    2 +-
 drivers/staging/rtl8723bs/core/rtw_mlme.c          |    2 +-
 drivers/staging/rtl8723bs/core/rtw_mlme_ext.c      |   65 +-
 drivers/staging/rtl8723bs/core/rtw_pwrctrl.c       |    2 +-
 drivers/staging/rtl8723bs/core/rtw_recv.c          |    6 +-
 drivers/staging/rtl8723bs/core/rtw_wlan_util.c     |    2 +-
 drivers/staging/rtl8723bs/core/rtw_xmit.c          |    6 +-
 drivers/staging/rtl8723bs/hal/HalHWImg8723B_BB.c   |    4 +-
 drivers/staging/rtl8723bs/hal/HalHWImg8723B_MAC.c  |    2 +-
 drivers/staging/rtl8723bs/hal/HalHWImg8723B_RF.c   |    2 +-
 drivers/staging/rtl8723bs/hal/HalPhyRf_8723B.c     |    6 +-
 drivers/staging/rtl8723bs/hal/hal_com.c            |    2 +-
 drivers/staging/rtl8723bs/hal/odm_DIG.c            |    2 +-
 drivers/staging/rtl8723bs/os_dep/ioctl_cfg80211.c  |    2 +-
 drivers/staging/rtl8723bs/os_dep/ioctl_linux.c     |  445 +++++----
 drivers/staging/rtl8723bs/os_dep/sdio_intf.c       |   18 +-
 drivers/staging/unisys/Kconfig                     |    4 +-
 .../vc04_services/bcm2835-camera/bcm2835-camera.c  |   11 +-
 .../vc04_services/bcm2835-camera/controls.c        |    5 +-
 .../vc04_services/bcm2835-camera/mmal-msg.h        |    4 +-
 .../interface/vchiq_arm/vchiq_2835_arm.c           |    2 +-
 .../vc04_services/interface/vchiq_arm/vchiq_arm.c  |   85 +-
 .../interface/vchiq_arm/vchiq_connected.c          |    4 +-
 .../vc04_services/interface/vchiq_arm/vchiq_core.c |   53 +-
 .../interface/vchiq_arm/vchiq_debugfs.c            |    4 +-
 .../vc04_services/interface/vchiq_arm/vchiq_util.c |    6 +-
 drivers/staging/vt6655/Kconfig                     |    5 +-
 drivers/staging/vt6656/Kconfig                     |    5 +-
 drivers/staging/wlan-ng/cfg80211.c                 |   14 +-
 94 files changed, 1859 insertions(+), 1896 deletions(-)
 create mode 100644 Documentation/devicetree/bindings/iio/accel/adi,adxl345.yaml
 delete mode 100644 Documentation/devicetree/bindings/iio/accel/adxl345.txt
 delete mode 100644 Documentation/devicetree/bindings/iio/light/isl29018.txt
 create mode 100644 Documentation/devicetree/bindings/iio/light/isl29018.yaml
 delete mode 100644 Documentation/devicetree/bindings/iio/light/tsl2583.txt
 create mode 100644 Documentation/devicetree/bindings/iio/light/tsl2583.yaml
 delete mode 100644 Documentation/devicetree/bindings/iio/light/tsl2772.txt
 create mode 100644 Documentation/devicetree/bindings/iio/light/tsl2772.yaml
 delete mode 100644 drivers/staging/kpc2000/kpc2000/kp2000_module.c
 delete mode 100644 drivers/staging/kpc2000/kpc_i2c/fileops.c
Merging mux/for-next (561eb7335f13 Merge branch 'i2c-mux/for-next' into for-next)
$ git merge mux/for-next
Auto-merging drivers/i2c/muxes/i2c-demux-pinctrl.c
Removing Documentation/devicetree/bindings/mux/mmio-mux.txt
Merge made by the 'recursive' strategy.
 Documentation/devicetree/bindings/mux/mmio-mux.txt |  60 ----------
 Documentation/devicetree/bindings/mux/reg-mux.txt  | 129 +++++++++++++++++++++
 drivers/mux/Kconfig                                |  12 +-
 drivers/mux/mmio.c                                 |   6 +-
 4 files changed, 140 insertions(+), 67 deletions(-)
 delete mode 100644 Documentation/devicetree/bindings/mux/mmio-mux.txt
 create mode 100644 Documentation/devicetree/bindings/mux/reg-mux.txt
Merging icc/icc-next (83fdb2dfb0c2 interconnect: convert to DEFINE_SHOW_ATTRIBUTE)
$ git merge icc/icc-next
Already up to date.
Merging slave-dma/next (a188339ca5a3 Linux 5.2-rc1)
$ git merge slave-dma/next
Already up to date.
Merging cgroup/for-next (05b289263772 signal: unconditionally leave the frozen state in ptrace_stop())
$ git merge cgroup/for-next
Already up to date.
Merging scsi/for-next (faec2dda93d3 Merge branch 'misc' into for-next)
$ git merge scsi/for-next
Auto-merging drivers/scsi/sd.c
Merge made by the 'recursive' strategy.
 block/blk-core.c          |  2 +-
 block/genhd.c             | 34 ++++++++++++++++++++++++----------
 block/ioctl.c             |  4 ++++
 block/partition-generic.c |  7 +++++--
 drivers/scsi/sd.c         |  1 -
 include/linux/genhd.h     | 11 +++++++----
 6 files changed, 41 insertions(+), 18 deletions(-)
Merging scsi-mkp/for-next (d4023db71108 scsi: qla2xxx: Avoid that lockdep complains about unsafe locking in tcm_qla2xxx_close_session())
$ git merge scsi-mkp/for-next
Already up to date.
Merging vhost/linux-next (82c80f76e9da virtio: Fix indentation of VIRTIO_MMIO)
$ git merge vhost/linux-next
Auto-merging drivers/pci/of.c
CONFLICT (content): Merge conflict in drivers/pci/of.c
Auto-merging drivers/of/base.c
Auto-merging drivers/iommu/Kconfig
Auto-merging MAINTAINERS
Resolved 'drivers/pci/of.c' using previous resolution.
Automatic merge failed; fix conflicts and then commit the result.
$ git commit -v -a
[master 361bda9c8bad] Merge remote-tracking branch 'vhost/linux-next'
$ git diff -M --stat --summary HEAD^..
 Documentation/devicetree/bindings/virtio/iommu.txt |   66 ++
 Documentation/devicetree/bindings/virtio/mmio.txt  |   30 +
 MAINTAINERS                                        |    7 +
 drivers/iommu/Kconfig                              |   11 +
 drivers/iommu/Makefile                             |    1 +
 drivers/iommu/virtio-iommu.c                       | 1158 ++++++++++++++++++++
 drivers/of/base.c                                  |   10 +-
 drivers/pci/of.c                                   |    6 +
 drivers/virtio/Kconfig                             |    8 +-
 include/uapi/linux/virtio_ids.h                    |    1 +
 include/uapi/linux/virtio_iommu.h                  |  161 +++
 tools/virtio/linux/kernel.h                        |    2 +-
 12 files changed, 1453 insertions(+), 8 deletions(-)
 create mode 100644 Documentation/devicetree/bindings/virtio/iommu.txt
 create mode 100644 drivers/iommu/virtio-iommu.c
 create mode 100644 include/uapi/linux/virtio_iommu.h
Merging rpmsg/for-next (6e9b4f32f9fa Merge branches 'hwspinlock-next', 'rpmsg-next' and 'rproc-next' into for-next)
$ git merge rpmsg/for-next
Merge made by the 'recursive' strategy.
 Documentation/devicetree/bindings/soc/qcom/qcom,glink.txt | 5 +++++
 drivers/rpmsg/rpmsg_core.c                                | 3 ++-
 2 files changed, 7 insertions(+), 1 deletion(-)
Merging gpio/for-next (0fbee1df2078 gpio: Update documentation)
$ git merge gpio/for-next
Already up to date.
Merging gpio-brgl/gpio/for-next (ef9ace6f8008 tools: gpio: Add include/linux/gpio.h to .gitignore)
$ git merge gpio-brgl/gpio/for-next
Merge made by the 'recursive' strategy.
 tools/gpio/.gitignore | 2 +-
 1 file changed, 1 insertion(+), 1 deletion(-)
Merging pinctrl/for-next (e0e31695b53b pinctrl: mcp23s08: Do not complain about unsupported params)
$ git merge pinctrl/for-next
Already up to date.
Merging pinctrl-samsung/for-next (9e98c678c2d6 Linux 5.1-rc1)
$ git merge pinctrl-samsung/for-next
Already up to date.
Merging pwm/for-next (f41efceb46e6 pwm: meson: Add clock source configuration for Meson G12A)
$ git merge pwm/for-next
Already up to date.
Merging userns/for-next (cf43a757fd49 signal: Restore the stop PTRACE_EVENT_EXIT)
$ git merge userns/for-next
Already up to date.
Merging ktest/for-next (d20f6b41b7c2 ktest: update sample.conf for grub2bls)
$ git merge ktest/for-next
Already up to date.
Merging random/dev (b7d5dc21072c random: add a spinlock_t to struct batched_entropy)
$ git merge random/dev
Already up to date.
Merging kselftest/next (f23ad71e5535 selftests/x86: Support Atom for syscall_arg_fault test)
$ git merge kselftest/next
Merge made by the 'recursive' strategy.
 tools/testing/selftests/x86/syscall_arg_fault.c | 10 ++++++++--
 1 file changed, 8 insertions(+), 2 deletions(-)
Merging y2038/y2038 (a2318b6a16a8 riscv: Use latest system call ABI)
$ git merge y2038/y2038
Auto-merging arch/riscv/kernel/vdso/Makefile
Auto-merging arch/riscv/Kconfig
Merge made by the 'recursive' strategy.
Merging livepatching/for-next (591be2f7f7b5 Merge branch 'for-5.2/core' into for-next)
$ git merge livepatching/for-next
Already up to date!
Merge made by the 'recursive' strategy.
Merging coresight/next (64e77d2af2c0 perf tools: Properly set the value of 'old' and 'head' in snapshot mode)
$ git merge coresight/next
Merge made by the 'recursive' strategy.
 drivers/hwtracing/coresight/coresight-etb10.c   |  21 ++--
 drivers/hwtracing/coresight/coresight-tmc-etf.c |  28 ++++--
 drivers/hwtracing/coresight/coresight-tmc-etr.c |  19 ++--
 tools/perf/arch/arm/util/cs-etm.c               | 124 +++++++++++++++++++++++-
 4 files changed, 165 insertions(+), 27 deletions(-)
Merging rtc/rtc-next (dacb6a4035a0 rtc: snvs: Use __maybe_unused instead of #if CONFIG_PM_SLEEP)
$ git merge rtc/rtc-next
Already up to date.
Merging nvdimm/libnvdimm-for-next (1ffc664f9b8c Merge branch 'for-5.1/dax' into libnvdimm-for-next)
$ git merge nvdimm/libnvdimm-for-next
Auto-merging fs/dax.c
CONFLICT (content): Merge conflict in fs/dax.c
Resolved 'fs/dax.c' using previous resolution.
Automatic merge failed; fix conflicts and then commit the result.
$ git commit -v -a
[master 41f36c8bcb9f] Merge remote-tracking branch 'nvdimm/libnvdimm-for-next'
$ git diff -M --stat --summary HEAD^..
Merging at24/at24/for-next (a188339ca5a3 Linux 5.2-rc1)
$ git merge at24/at24/for-next
Already up to date.
Merging ntb/ntb-next (6202b3c150bc NTB: ntb_test: Fix bug when counting remote files)
$ git merge ntb/ntb-next
Auto-merging drivers/ntb/test/ntb_perf.c
Auto-merging drivers/ntb/hw/idt/ntb_hw_idt.c
Merge made by the 'recursive' strategy.
 drivers/ntb/hw/amd/ntb_hw_amd.c         | 12 +++------
 drivers/ntb/hw/idt/ntb_hw_idt.c         |  6 -----
 drivers/ntb/hw/intel/ntb_hw_gen1.c      |  4 ---
 drivers/ntb/hw/intel/ntb_hw_gen3.c      |  6 ++---
 drivers/ntb/ntb.c                       |  9 ++-----
 drivers/ntb/ntb_transport.c             |  1 +
 drivers/ntb/test/ntb_perf.c             | 43 +++++++++++++++++++++++++--------
 drivers/ntb/test/ntb_pingpong.c         | 14 +++++------
 drivers/ntb/test/ntb_tool.c             |  9 +++----
 tools/testing/selftests/ntb/ntb_test.sh |  2 +-
 10 files changed, 54 insertions(+), 52 deletions(-)
Merging kspp/for-next/kspp (7210e060155b gcc-plugins: Fix build failures under Darwin host)
$ git merge kspp/for-next/kspp
Merge made by the 'recursive' strategy.
 scripts/gcc-plugins/gcc-common.h | 4 ++++
 1 file changed, 4 insertions(+)
Merging cisco/for-next (9e98c678c2d6 Linux 5.1-rc1)
$ git merge cisco/for-next
Already up to date.
Merging gnss/gnss-next (a188339ca5a3 Linux 5.2-rc1)
$ git merge gnss/gnss-next
Already up to date.
Merging fsi/master (d20810530b71 fsi: fsi-scom.c: Remove duplicate header)
$ git merge fsi/master
Already up to date.
Merging siox/siox/next (1e4b044d2251 Linux 4.18-rc4)
$ git merge siox/siox/next
Already up to date.
Merging slimbus/for-next (a188339ca5a3 Linux 5.2-rc1)
$ git merge slimbus/for-next
Already up to date.
Merging nvmem/for-next (a188339ca5a3 Linux 5.2-rc1)
$ git merge nvmem/for-next
Already up to date.
Merging xarray/xarray (dd12805ed1db XArray: Remove radix tree compatibility)
$ git merge xarray/xarray
Merge made by the 'recursive' strategy.
 include/linux/radix-tree.h | 13 +++++++++++--
 include/linux/xarray.h     | 29 ++++++++++++++---------------
 lib/radix-tree.c           |  2 +-
 lib/test_xarray.c          | 38 ++++++++++++++++++++++++++++++++++++++
 4 files changed, 64 insertions(+), 18 deletions(-)
Merging hyperv/hyperv-next (a3fb7bf369ef drivers: input: serio: Add a module desription to the hyperv_keyboard driver)
$ git merge hyperv/hyperv-next
Auto-merging drivers/hv/vmbus_drv.c
Merge made by the 'recursive' strategy.
 drivers/hid/hid-hyperv.c | 2 ++
 drivers/hv/vmbus_drv.c   | 1 +
 2 files changed, 3 insertions(+)
Merging auxdisplay/auxdisplay (cc5d04d840d6 auxdisplay: charlcd: make backlight initial state configurable)
$ git merge auxdisplay/auxdisplay
Already up to date.
Merging kgdb-dt/kgdb/for-next (ca976bfb3154 kdb: Fix bound check compiler warning)
$ git merge kgdb-dt/kgdb/for-next
Already up to date.
Merging pidfd/for-next (233ad92edbea pidfd: add polling selftests)
$ git merge pidfd/for-next
Merge made by the 'recursive' strategy.
 include/linux/pid.h                        |   3 +
 kernel/fork.c                              |  26 ++++
 kernel/pid.c                               |   2 +
 kernel/signal.c                            |  11 ++
 tools/testing/selftests/pidfd/Makefile     |   2 +-
 tools/testing/selftests/pidfd/pidfd_test.c | 210 +++++++++++++++++++++++++++++
 6 files changed, 253 insertions(+), 1 deletion(-)
Merging devfreq/for-next (cf451adfa392 PM / devfreq: add tracing for scheduling work)
$ git merge devfreq/for-next
Already up to date.
Merging akpm-current/current (c20602b4a39f scripts/gdb: add hlist utilities)
$ git merge --no-ff akpm-current/current
Auto-merging mm/vmalloc.c
Auto-merging mm/mmap.c
Auto-merging lib/Kconfig.debug
Auto-merging kernel/pid.c
Auto-merging kernel/fork.c
Auto-merging kernel/debug/kdb/kdb_main.c
Auto-merging include/linux/vmalloc.h
Auto-merging include/linux/pid.h
CONFLICT (content): Merge conflict in include/linux/pid.h
Auto-merging arch/x86/Kconfig
Auto-merging arch/powerpc/kvm/book3s_64_vio.c
Auto-merging arch/arm64/include/asm/Kbuild
Auto-merging arch/arm64/Kconfig
Resolved 'include/linux/pid.h' using previous resolution.
Automatic merge failed; fix conflicts and then commit the result.
$ git commit -v -a
[master 90b04bb37a65] Merge branch 'akpm-current/current'
$ git diff -M --stat --summary HEAD^..
 Documentation/ABI/testing/sysfs-kernel-slab  |   9 +
 Documentation/admin-guide/cgroup-v2.rst      |  20 +-
 Documentation/core-api/genalloc.rst          |   2 +-
 arch/arm/mm/dma-mapping.c                    |   2 +-
 arch/arm64/Kconfig                           |   1 +
 arch/arm64/include/asm/Kbuild                |   1 +
 arch/powerpc/Kconfig                         |   1 +
 arch/powerpc/include/asm/Kbuild              |   1 +
 arch/powerpc/kernel/process.c                |  12 +-
 arch/powerpc/kvm/book3s_64_vio.c             |  34 +-
 arch/powerpc/mm/book3s64/iommu_api.c         |  28 +-
 arch/powerpc/mm/fault.c                      |   6 +-
 arch/powerpc/perf/callchain.c                |  20 +-
 arch/powerpc/perf/core-book3s.c              |   8 +-
 arch/powerpc/sysdev/fsl_pci.c                |  10 +-
 arch/x86/Kconfig                             |   1 +
 arch/x86/entry/vdso/vdso32/vclock_gettime.c  |   1 +
 arch/x86/include/asm/Kbuild                  |   1 +
 arch/x86/mm/numa.c                           |  27 +-
 drivers/fpga/dfl-afu-dma-region.c            |  40 +-
 drivers/misc/sram-exec.c                     |   2 +-
 drivers/vfio/vfio_iommu_spapr_tce.c          |  37 +-
 drivers/vfio/vfio_iommu_type1.c              |  31 +-
 fs/buffer.c                                  |  56 ++-
 fs/ocfs2/alloc.c                             |  15 +
 fs/ocfs2/aops.c                              |  22 +-
 fs/ocfs2/dlm/dlmunlock.c                     |  23 +-
 fs/ocfs2/dlmglue.c                           |  21 +-
 fs/ocfs2/ocfs2.h                             |   1 +
 fs/proc/meminfo.c                            |   2 +-
 fs/proc/task_mmu.c                           |   2 +-
 fs/ramfs/inode.c                             |  12 +
 include/asm-generic/dynamic_debug.h          | 116 ++++++
 include/linux/device.h                       |   4 +-
 include/linux/dynamic_debug.h                |  27 +-
 include/linux/genalloc.h                     |   2 +-
 include/linux/jump_label.h                   |   2 +
 include/linux/memcontrol.h                   |  26 ++
 include/linux/mm_types.h                     |   2 +-
 include/linux/net.h                          |   4 +-
 include/linux/pid.h                          |   5 +-
 include/linux/printk.h                       |   4 +-
 include/linux/sched.h                        |  10 +
 include/linux/uaccess.h                      |  34 ++
 include/linux/vmalloc.h                      |   2 +
 include/uapi/linux/byteorder/big_endian.h    |   4 +
 include/uapi/linux/byteorder/little_endian.h |   4 +
 kernel/dma/remap.c                           |   2 +-
 kernel/fork.c                                |   3 +-
 kernel/pid.c                                 |  10 +-
 lib/Kconfig.debug                            |   9 +
 lib/debugobjects.c                           |  66 ++-
 lib/dynamic_debug.c                          | 111 +++--
 lib/genalloc.c                               |   5 +-
 lib/math/rational.c                          |  63 ++-
 mm/debug.c                                   |   5 +-
 mm/memcontrol.c                              |  27 +-
 mm/memory.c                                  |   2 +-
 mm/mlock.c                                   |   4 +-
 mm/mmap.c                                    |  18 +-
 mm/mremap.c                                  |   6 +-
 mm/page_alloc.c                              |  22 +-
 mm/slub.c                                    |  11 +
 mm/swapfile.c                                |   4 +-
 mm/vmalloc.c                                 |  60 ++-
 mm/vmscan.c                                  |  87 +++-
 scripts/checkpatch.pl                        |  24 +-
 scripts/gdb/linux/lists.py                   |  21 +
 scripts/spelling.txt                         | 579 +++++++++++++++++++++++----
 tools/vm/slabinfo.c                          |   7 +-
 70 files changed, 1391 insertions(+), 450 deletions(-)
 create mode 100644 include/asm-generic/dynamic_debug.h
$ git clone -s -l -n -q . ../rebase-tmp
$ cd ../rebase-tmp
$ git checkout -b akpm remotes/origin/akpm/master
Switched to a new branch 'akpm'
$ git rebase --onto master remotes/origin/akpm/master-base
First, rewinding head to replay your work on top of it...
Applying: pinctrl: fix pxa2xx.c build warnings
Applying: mm, memcg: consider subtrees in memory.events
Applying: drivers/media/platform/sti/delta/delta-ipc.c: fix read buffer overflow
$ cd ../next
$ git fetch -f ../rebase-tmp akpm:akpm/master
From ../rebase-tmp
 + c6539c73f435...8839e03395e1 akpm       -> akpm/master  (forced update)
$ rm -rf ../rebase-tmp
Merging akpm/master (8839e03395e1 drivers/media/platform/sti/delta/delta-ipc.c: fix read buffer overflow)
$ git merge --no-ff akpm/master
Merge made by the 'recursive' strategy.
 Documentation/admin-guide/cgroup-v2.rst      |  9 +++++++++
 drivers/media/platform/sti/delta/delta-ipc.c |  4 ++--
 drivers/pinctrl/pxa/pinctrl-pxa2xx.c         |  1 +
 include/linux/cgroup-defs.h                  |  5 +++++
 include/linux/memcontrol.h                   | 10 ++++++++--
 kernel/cgroup/cgroup.c                       | 16 ++++++++++++++--
 6 files changed, 39 insertions(+), 6 deletions(-)
